13:24:55 **** Auto Build of configuration Debug for project camera_app ****
make all 
'Building file: ../src/camera_app.c'
'Invoking: ARM gcc compiler'
arm-xilinx-eabi-gcc -Wall -O0 -g3 -c -fmessage-length=0 -I../../system_bsp/ps7_cortexa9_0/include -MMD -MP -MF"src/camera_app.d" -MT"src/camera_app.d" -o "src/camera_app.o" "../src/camera_app.c"
../src/camera_app.c: In function 'camera_loop':
../src/camera_app.c:110:18: warning: unused variable 'CR' [-Wunused-variable]
../src/camera_app.c:110:14: warning: unused variable 'CB' [-Wunused-variable]
../src/camera_app.c:110:11: warning: unused variable 'Y' [-Wunused-variable]
../src/camera_app.c:109:17: warning: unused variable 'B' [-Wunused-variable]
../src/camera_app.c:109:14: warning: unused variable 'G' [-Wunused-variable]
../src/camera_app.c:109:11: warning: unused variable 'R' [-Wunused-variable]
../src/camera_app.c:107:20: warning: unused variable 'pMM2S_Mem' [-Wunused-variable]
../src/camera_app.c:106:20: warning: unused variable 'pS2MM_Mem' [-Wunused-variable]
../src/camera_app.c: At top level:
../src/camera_app.c:182:17: warning: 'average_vert' defined but not used [-Wunused-function]
../src/camera_app.c:200:17: warning: 'average_hor' defined but not used [-Wunused-function]
../src/camera_app.c:218:17: warning: 'average_x' defined but not used [-Wunused-function]
'Finished building: ../src/camera_app.c'
' '
'Building target: camera_app.elf'
'Invoking: ARM gcc linker'
arm-xilinx-eabi-gcc -Wl,-T -Wl,../src/lscript.ld -L../../system_bsp/ps7_cortexa9_0/lib -o "camera_app.elf"  ./src/camera_app.o ./src/fmc_imageon_utils.o ./src/video_detector.o ./src/video_frame_buffer.o ./src/video_generator.o ./src/video_resolution.o ./src/xtpg_app.o   -Wl,--start-group,-lxil,-lgcc,-lc,--end-group
'Finished building target: camera_app.elf'
' '
'Invoking: ARM Print Size'
arm-xilinx-eabi-size camera_app.elf  |tee "camera_app.elf.size"
   text	   data	    bss	    dec	    hex	filename
  95786	   4064	2122224	2222074	 21e7fa	camera_app.elf
'Finished building: camera_app.elf.size'
' '

13:24:56 Build Finished (took 461ms)

