16:52:26 **** Incremental Build of configuration Debug for project camera_app ****
make all 
make: Nothing to be done for `all'.
16:52:46 **** Incremental Build of configuration Debug for project camera_app ****
make all 
make: Nothing to be done for `all'.
16:54:48 **** Incremental Build of configuration Debug for project camera_app ****
make all 
make: Nothing to be done for `all'.
16:55:37 **** Auto Build of configuration Debug for project camera_app ****
make all 
'Building file: ../src/camera_app.c'
'Invoking: ARM gcc compiler'
arm-xilinx-eabi-gcc -Wall -O0 -g3 -c -fmessage-length=0 -I../../system_bsp/ps7_cortexa9_0/include -MMD -MP -MF"src/camera_app.d" -MT"src/camera_app.d" -o "src/camera_app.o" "../src/camera_app.c"
'Finished building: ../src/camera_app.c'
' '
'Building target: camera_app.elf'
'Invoking: ARM gcc linker'
arm-xilinx-eabi-gcc -Wl,-T -Wl,../src/lscript.ld -L../../system_bsp/ps7_cortexa9_0/lib -o "camera_app.elf"  ./src/camera_app.o ./src/fmc_imageon_utils.o ./src/video_detector.o ./src/video_frame_buffer.o ./src/video_generator.o ./src/video_resolution.o ./src/xtpg_app.o   -Wl,--start-group,-lxil,-lgcc,-lc,--end-group
'Finished building target: camera_app.elf'
' '
'Invoking: ARM Print Size'
arm-xilinx-eabi-size camera_app.elf  |tee "camera_app.elf.size"
   text	   data	    bss	    dec	    hex	filename
  82350	   3104	  33088	 118542	  1cf0e	camera_app.elf
'Finished building: camera_app.elf.size'
' '
16:55:43 **** Incremental Build of configuration Debug for project camera_app ****
make all 
make: Nothing to be done for `all'.
16:56:17 **** Auto Build of configuration Debug for project camera_app ****
make all 
'Building file: ../src/camera_app.c'
'Invoking: ARM gcc compiler'
arm-xilinx-eabi-gcc -Wall -O0 -g3 -c -fmessage-length=0 -I../../system_bsp/ps7_cortexa9_0/include -MMD -MP -MF"src/camera_app.d" -MT"src/camera_app.d" -o "src/camera_app.o" "../src/camera_app.c"
'Finished building: ../src/camera_app.c'
' '
'Building target: camera_app.elf'
'Invoking: ARM gcc linker'
arm-xilinx-eabi-gcc -Wl,-T -Wl,../src/lscript.ld -L../../system_bsp/ps7_cortexa9_0/lib -o "camera_app.elf"  ./src/camera_app.o ./src/fmc_imageon_utils.o ./src/video_detector.o ./src/video_frame_buffer.o ./src/video_generator.o ./src/video_resolution.o ./src/xtpg_app.o   -Wl,--start-group,-lxil,-lgcc,-lc,--end-group
'Finished building target: camera_app.elf'
' '
'Invoking: ARM Print Size'
arm-xilinx-eabi-size camera_app.elf  |tee "camera_app.elf.size"
   text	   data	    bss	    dec	    hex	filename
  82314	   3104	  33088	 118506	  1ceea	camera_app.elf
'Finished building: camera_app.elf.size'
' '
16:56:25 **** Auto Build of configuration Debug for project camera_app ****
make all 
'Building file: ../src/camera_app.c'
'Invoking: ARM gcc compiler'
arm-xilinx-eabi-gcc -Wall -O0 -g3 -c -fmessage-length=0 -I../../system_bsp/ps7_cortexa9_0/include -MMD -MP -MF"src/camera_app.d" -MT"src/camera_app.d" -o "src/camera_app.o" "../src/camera_app.c"
'Finished building: ../src/camera_app.c'
' '
'Building target: camera_app.elf'
'Invoking: ARM gcc linker'
arm-xilinx-eabi-gcc -Wl,-T -Wl,../src/lscript.ld -L../../system_bsp/ps7_cortexa9_0/lib -o "camera_app.elf"  ./src/camera_app.o ./src/fmc_imageon_utils.o ./src/video_detector.o ./src/video_frame_buffer.o ./src/video_generator.o ./src/video_resolution.o ./src/xtpg_app.o   -Wl,--start-group,-lxil,-lgcc,-lc,--end-group
'Finished building target: camera_app.elf'
' '
'Invoking: ARM Print Size'
arm-xilinx-eabi-size camera_app.elf  |tee "camera_app.elf.size"
   text	   data	    bss	    dec	    hex	filename
  82310	   3104	  33088	 118502	  1cee6	camera_app.elf
'Finished building: camera_app.elf.size'
' '
16:56:30 **** Incremental Build of configuration Debug for project camera_app ****
make all 
make: Nothing to be done for `all'.
16:57:32 **** Auto Build of configuration Debug for project camera_app ****
make all 
'Building file: ../src/camera_app.c'
'Invoking: ARM gcc compiler'
arm-xilinx-eabi-gcc -Wall -O0 -g3 -c -fmessage-length=0 -I../../system_bsp/ps7_cortexa9_0/include -MMD -MP -MF"src/camera_app.d" -MT"src/camera_app.d" -o "src/camera_app.o" "../src/camera_app.c"
'Finished building: ../src/camera_app.c'
' '
'Building target: camera_app.elf'
'Invoking: ARM gcc linker'
arm-xilinx-eabi-gcc -Wl,-T -Wl,../src/lscript.ld -L../../system_bsp/ps7_cortexa9_0/lib -o "camera_app.elf"  ./src/camera_app.o ./src/fmc_imageon_utils.o ./src/video_detector.o ./src/video_frame_buffer.o ./src/video_generator.o ./src/video_resolution.o ./src/xtpg_app.o   -Wl,--start-group,-lxil,-lgcc,-lc,--end-group
'Finished building target: camera_app.elf'
' '
'Invoking: ARM Print Size'
arm-xilinx-eabi-size camera_app.elf  |tee "camera_app.elf.size"
   text	   data	    bss	    dec	    hex	filename
  82314	   3104	  33088	 118506	  1ceea	camera_app.elf
'Finished building: camera_app.elf.size'
' '
16:59:06 **** Auto Build of configuration Debug for project camera_app ****
make all 
'Building file: ../src/camera_app.c'
'Invoking: ARM gcc compiler'
arm-xilinx-eabi-gcc -Wall -O0 -g3 -c -fmessage-length=0 -I../../system_bsp/ps7_cortexa9_0/include -MMD -MP -MF"src/camera_app.d" -MT"src/camera_app.d" -o "src/camera_app.o" "../src/camera_app.c"
'Finished building: ../src/camera_app.c'
' '
'Building target: camera_app.elf'
'Invoking: ARM gcc linker'
arm-xilinx-eabi-gcc -Wl,-T -Wl,../src/lscript.ld -L../../system_bsp/ps7_cortexa9_0/lib -o "camera_app.elf"  ./src/camera_app.o ./src/fmc_imageon_utils.o ./src/video_detector.o ./src/video_frame_buffer.o ./src/video_generator.o ./src/video_resolution.o ./src/xtpg_app.o   -Wl,--start-group,-lxil,-lgcc,-lc,--end-group
'Finished building target: camera_app.elf'
' '
'Invoking: ARM Print Size'
arm-xilinx-eabi-size camera_app.elf  |tee "camera_app.elf.size"
   text	   data	    bss	    dec	    hex	filename
  82334	   3104	  33088	 118526	  1cefe	camera_app.elf
'Finished building: camera_app.elf.size'
' '
16:59:08 **** Incremental Build of configuration Debug for project camera_app ****
make all 
make: Nothing to be done for `all'.
16:59:26 **** Auto Build of configuration Debug for project camera_app ****
make all 
'Building file: ../src/camera_app.c'
'Invoking: ARM gcc compiler'
arm-xilinx-eabi-gcc -Wall -O0 -g3 -c -fmessage-length=0 -I../../system_bsp/ps7_cortexa9_0/include -MMD -MP -MF"src/camera_app.d" -MT"src/camera_app.d" -o "src/camera_app.o" "../src/camera_app.c"
'Finished building: ../src/camera_app.c'
' '
'Building target: camera_app.elf'
'Invoking: ARM gcc linker'
arm-xilinx-eabi-gcc -Wl,-T -Wl,../src/lscript.ld -L../../system_bsp/ps7_cortexa9_0/lib -o "camera_app.elf"  ./src/camera_app.o ./src/fmc_imageon_utils.o ./src/video_detector.o ./src/video_frame_buffer.o ./src/video_generator.o ./src/video_resolution.o ./src/xtpg_app.o   -Wl,--start-group,-lxil,-lgcc,-lc,--end-group
'Finished building target: camera_app.elf'
' '
'Invoking: ARM Print Size'
arm-xilinx-eabi-size camera_app.elf  |tee "camera_app.elf.size"
   text	   data	    bss	    dec	    hex	filename
  82350	   3104	  33088	 118542	  1cf0e	camera_app.elf
'Finished building: camera_app.elf.size'
' '
16:59:28 **** Incremental Build of configuration Debug for project camera_app ****
make all 
make: Nothing to be done for `all'.
17:00:11 **** Auto Build of configuration Debug for project camera_app ****
make all 
'Building file: ../src/camera_app.c'
'Invoking: ARM gcc compiler'
arm-xilinx-eabi-gcc -Wall -O0 -g3 -c -fmessage-length=0 -I../../system_bsp/ps7_cortexa9_0/include -MMD -MP -MF"src/camera_app.d" -MT"src/camera_app.d" -o "src/camera_app.o" "../src/camera_app.c"
'Finished building: ../src/camera_app.c'
' '
'Building target: camera_app.elf'
'Invoking: ARM gcc linker'
arm-xilinx-eabi-gcc -Wl,-T -Wl,../src/lscript.ld -L../../system_bsp/ps7_cortexa9_0/lib -o "camera_app.elf"  ./src/camera_app.o ./src/fmc_imageon_utils.o ./src/video_detector.o ./src/video_frame_buffer.o ./src/video_generator.o ./src/video_resolution.o ./src/xtpg_app.o   -Wl,--start-group,-lxil,-lgcc,-lc,--end-group
'Finished building target: camera_app.elf'
' '
'Invoking: ARM Print Size'
arm-xilinx-eabi-size camera_app.elf  |tee "camera_app.elf.size"
   text	   data	    bss	    dec	    hex	filename
  82334	   3104	  33088	 118526	  1cefe	camera_app.elf
'Finished building: camera_app.elf.size'
' '
17:00:12 **** Incremental Build of configuration Debug for project camera_app ****
make all 
make: Nothing to be done for `all'.
17:00:28 **** Auto Build of configuration Debug for project camera_app ****
make all 
'Building file: ../src/camera_app.c'
'Invoking: ARM gcc compiler'
arm-xilinx-eabi-gcc -Wall -O0 -g3 -c -fmessage-length=0 -I../../system_bsp/ps7_cortexa9_0/include -MMD -MP -MF"src/camera_app.d" -MT"src/camera_app.d" -o "src/camera_app.o" "../src/camera_app.c"
'Finished building: ../src/camera_app.c'
' '
'Building target: camera_app.elf'
'Invoking: ARM gcc linker'
arm-xilinx-eabi-gcc -Wl,-T -Wl,../src/lscript.ld -L../../system_bsp/ps7_cortexa9_0/lib -o "camera_app.elf"  ./src/camera_app.o ./src/fmc_imageon_utils.o ./src/video_detector.o ./src/video_frame_buffer.o ./src/video_generator.o ./src/video_resolution.o ./src/xtpg_app.o   -Wl,--start-group,-lxil,-lgcc,-lc,--end-group
'Finished building target: camera_app.elf'
' '
'Invoking: ARM Print Size'
arm-xilinx-eabi-size camera_app.elf  |tee "camera_app.elf.size"
   text	   data	    bss	    dec	    hex	filename
  82322	   3104	  33088	 118514	  1cef2	camera_app.elf
'Finished building: camera_app.elf.size'
' '
17:00:30 **** Incremental Build of configuration Debug for project camera_app ****
make all 
make: Nothing to be done for `all'.
17:00:50 **** Auto Build of configuration Debug for project camera_app ****
make all 
'Building file: ../src/camera_app.c'
'Invoking: ARM gcc compiler'
arm-xilinx-eabi-gcc -Wall -O0 -g3 -c -fmessage-length=0 -I../../system_bsp/ps7_cortexa9_0/include -MMD -MP -MF"src/camera_app.d" -MT"src/camera_app.d" -o "src/camera_app.o" "../src/camera_app.c"
'Finished building: ../src/camera_app.c'
' '
'Building target: camera_app.elf'
'Invoking: ARM gcc linker'
arm-xilinx-eabi-gcc -Wl,-T -Wl,../src/lscript.ld -L../../system_bsp/ps7_cortexa9_0/lib -o "camera_app.elf"  ./src/camera_app.o ./src/fmc_imageon_utils.o ./src/video_detector.o ./src/video_frame_buffer.o ./src/video_generator.o ./src/video_resolution.o ./src/xtpg_app.o   -Wl,--start-group,-lxil,-lgcc,-lc,--end-group
'Finished building target: camera_app.elf'
' '
'Invoking: ARM Print Size'
arm-xilinx-eabi-size camera_app.elf  |tee "camera_app.elf.size"
   text	   data	    bss	    dec	    hex	filename
  82334	   3104	  33088	 118526	  1cefe	camera_app.elf
'Finished building: camera_app.elf.size'
' '
17:00:52 **** Incremental Build of configuration Debug for project camera_app ****
make all 
make: Nothing to be done for `all'.
17:01:33 **** Auto Build of configuration Debug for project camera_app ****
make all 
'Building file: ../src/camera_app.c'
'Invoking: ARM gcc compiler'
arm-xilinx-eabi-gcc -Wall -O0 -g3 -c -fmessage-length=0 -I../../system_bsp/ps7_cortexa9_0/include -MMD -MP -MF"src/camera_app.d" -MT"src/camera_app.d" -o "src/camera_app.o" "../src/camera_app.c"
'Finished building: ../src/camera_app.c'
' '
'Building target: camera_app.elf'
'Invoking: ARM gcc linker'
arm-xilinx-eabi-gcc -Wl,-T -Wl,../src/lscript.ld -L../../system_bsp/ps7_cortexa9_0/lib -o "camera_app.elf"  ./src/camera_app.o ./src/fmc_imageon_utils.o ./src/video_detector.o ./src/video_frame_buffer.o ./src/video_generator.o ./src/video_resolution.o ./src/xtpg_app.o   -Wl,--start-group,-lxil,-lgcc,-lc,--end-group
'Finished building target: camera_app.elf'
' '
'Invoking: ARM Print Size'
arm-xilinx-eabi-size camera_app.elf  |tee "camera_app.elf.size"
   text	   data	    bss	    dec	    hex	filename
  82322	   3104	  33088	 118514	  1cef2	camera_app.elf
'Finished building: camera_app.elf.size'
' '
17:01:36 **** Incremental Build of configuration Debug for project camera_app ****
make all 
make: Nothing to be done for `all'.
17:01:54 **** Auto Build of configuration Debug for project camera_app ****
make all 
'Building file: ../src/camera_app.c'
'Invoking: ARM gcc compiler'
arm-xilinx-eabi-gcc -Wall -O0 -g3 -c -fmessage-length=0 -I../../system_bsp/ps7_cortexa9_0/include -MMD -MP -MF"src/camera_app.d" -MT"src/camera_app.d" -o "src/camera_app.o" "../src/camera_app.c"
'Finished building: ../src/camera_app.c'
' '
'Building target: camera_app.elf'
'Invoking: ARM gcc linker'
arm-xilinx-eabi-gcc -Wl,-T -Wl,../src/lscript.ld -L../../system_bsp/ps7_cortexa9_0/lib -o "camera_app.elf"  ./src/camera_app.o ./src/fmc_imageon_utils.o ./src/video_detector.o ./src/video_frame_buffer.o ./src/video_generator.o ./src/video_resolution.o ./src/xtpg_app.o   -Wl,--start-group,-lxil,-lgcc,-lc,--end-group
'Finished building target: camera_app.elf'
' '
'Invoking: ARM Print Size'
arm-xilinx-eabi-size camera_app.elf  |tee "camera_app.elf.size"
   text	   data	    bss	    dec	    hex	filename
  82322	   3104	  33088	 118514	  1cef2	camera_app.elf
'Finished building: camera_app.elf.size'
' '
17:02:06 **** Auto Build of configuration Debug for project camera_app ****
make all 
'Building file: ../src/camera_app.c'
'Invoking: ARM gcc compiler'
arm-xilinx-eabi-gcc -Wall -O0 -g3 -c -fmessage-length=0 -I../../system_bsp/ps7_cortexa9_0/include -MMD -MP -MF"src/camera_app.d" -MT"src/camera_app.d" -o "src/camera_app.o" "../src/camera_app.c"
'Finished building: ../src/camera_app.c'
' '
'Building target: camera_app.elf'
'Invoking: ARM gcc linker'
arm-xilinx-eabi-gcc -Wl,-T -Wl,../src/lscript.ld -L../../system_bsp/ps7_cortexa9_0/lib -o "camera_app.elf"  ./src/camera_app.o ./src/fmc_imageon_utils.o ./src/video_detector.o ./src/video_frame_buffer.o ./src/video_generator.o ./src/video_resolution.o ./src/xtpg_app.o   -Wl,--start-group,-lxil,-lgcc,-lc,--end-group
'Finished building target: camera_app.elf'
' '
'Invoking: ARM Print Size'
arm-xilinx-eabi-size camera_app.elf  |tee "camera_app.elf.size"
   text	   data	    bss	    dec	    hex	filename
  82338	   3104	  33088	 118530	  1cf02	camera_app.elf
'Finished building: camera_app.elf.size'
' '
17:02:21 **** Auto Build of configuration Debug for project camera_app ****
make all 
'Building file: ../src/camera_app.c'
'Invoking: ARM gcc compiler'
arm-xilinx-eabi-gcc -Wall -O0 -g3 -c -fmessage-length=0 -I../../system_bsp/ps7_cortexa9_0/include -MMD -MP -MF"src/camera_app.d" -MT"src/camera_app.d" -o "src/camera_app.o" "../src/camera_app.c"
../src/camera_app.c: In function 'camera_loop':
../src/camera_app.c:95:3: error: expected ';' before '}' token
../src/camera_app.c:85:20: warning: unused variable 'pS2MM_Mem' [-Wunused-variable]
make: *** [src/camera_app.o] Error 1
17:02:24 **** Auto Build of configuration Debug for project camera_app ****
make all 
'Building file: ../src/camera_app.c'
'Invoking: ARM gcc compiler'
arm-xilinx-eabi-gcc -Wall -O0 -g3 -c -fmessage-length=0 -I../../system_bsp/ps7_cortexa9_0/include -MMD -MP -MF"src/camera_app.d" -MT"src/camera_app.d" -o "src/camera_app.o" "../src/camera_app.c"
../src/camera_app.c: In function 'camera_loop':
../src/camera_app.c:85:20: warning: unused variable 'pS2MM_Mem' [-Wunused-variable]
'Finished building: ../src/camera_app.c'
' '
'Building target: camera_app.elf'
'Invoking: ARM gcc linker'
arm-xilinx-eabi-gcc -Wl,-T -Wl,../src/lscript.ld -L../../system_bsp/ps7_cortexa9_0/lib -o "camera_app.elf"  ./src/camera_app.o ./src/fmc_imageon_utils.o ./src/video_detector.o ./src/video_frame_buffer.o ./src/video_generator.o ./src/video_resolution.o ./src/xtpg_app.o   -Wl,--start-group,-lxil,-lgcc,-lc,--end-group
'Finished building target: camera_app.elf'
' '
'Invoking: ARM Print Size'
arm-xilinx-eabi-size camera_app.elf  |tee "camera_app.elf.size"
   text	   data	    bss	    dec	    hex	filename
  82270	   3104	  33088	 118462	  1cebe	camera_app.elf
'Finished building: camera_app.elf.size'
' '
17:02:29 **** Auto Build of configuration Debug for project camera_app ****
make all 
'Building file: ../src/camera_app.c'
'Invoking: ARM gcc compiler'
arm-xilinx-eabi-gcc -Wall -O0 -g3 -c -fmessage-length=0 -I../../system_bsp/ps7_cortexa9_0/include -MMD -MP -MF"src/camera_app.d" -MT"src/camera_app.d" -o "src/camera_app.o" "../src/camera_app.c"
../src/camera_app.c: In function 'camera_loop':
../src/camera_app.c:85:20: warning: unused variable 'pS2MM_Mem' [-Wunused-variable]
'Finished building: ../src/camera_app.c'
' '
'Building target: camera_app.elf'
'Invoking: ARM gcc linker'
arm-xilinx-eabi-gcc -Wl,-T -Wl,../src/lscript.ld -L../../system_bsp/ps7_cortexa9_0/lib -o "camera_app.elf"  ./src/camera_app.o ./src/fmc_imageon_utils.o ./src/video_detector.o ./src/video_frame_buffer.o ./src/video_generator.o ./src/video_resolution.o ./src/xtpg_app.o   -Wl,--start-group,-lxil,-lgcc,-lc,--end-group
'Finished building target: camera_app.elf'
' '
'Invoking: ARM Print Size'
arm-xilinx-eabi-size camera_app.elf  |tee "camera_app.elf.size"
   text	   data	    bss	    dec	    hex	filename
  82270	   3104	  33088	 118462	  1cebe	camera_app.elf
'Finished building: camera_app.elf.size'
' '
17:02:31 **** Incremental Build of configuration Debug for project camera_app ****
make all 
make: Nothing to be done for `all'.
17:03:07 **** Auto Build of configuration Debug for project camera_app ****
make all 
'Building file: ../src/camera_app.c'
'Invoking: ARM gcc compiler'
arm-xilinx-eabi-gcc -Wall -O0 -g3 -c -fmessage-length=0 -I../../system_bsp/ps7_cortexa9_0/include -MMD -MP -MF"src/camera_app.d" -MT"src/camera_app.d" -o "src/camera_app.o" "../src/camera_app.c"
../src/camera_app.c: In function 'camera_loop':
../src/camera_app.c:85:20: warning: unused variable 'pS2MM_Mem' [-Wunused-variable]
'Finished building: ../src/camera_app.c'
' '
'Building target: camera_app.elf'
'Invoking: ARM gcc linker'
arm-xilinx-eabi-gcc -Wl,-T -Wl,../src/lscript.ld -L../../system_bsp/ps7_cortexa9_0/lib -o "camera_app.elf"  ./src/camera_app.o ./src/fmc_imageon_utils.o ./src/video_detector.o ./src/video_frame_buffer.o ./src/video_generator.o ./src/video_resolution.o ./src/xtpg_app.o   -Wl,--start-group,-lxil,-lgcc,-lc,--end-group
'Finished building target: camera_app.elf'
' '
'Invoking: ARM Print Size'
arm-xilinx-eabi-size camera_app.elf  |tee "camera_app.elf.size"
   text	   data	    bss	    dec	    hex	filename
  82270	   3104	  33088	 118462	  1cebe	camera_app.elf
'Finished building: camera_app.elf.size'
' '
17:03:09 **** Incremental Build of configuration Debug for project camera_app ****
make all 
make: Nothing to be done for `all'.
17:03:26 **** Auto Build of configuration Debug for project camera_app ****
make all 
'Building file: ../src/camera_app.c'
'Invoking: ARM gcc compiler'
arm-xilinx-eabi-gcc -Wall -O0 -g3 -c -fmessage-length=0 -I../../system_bsp/ps7_cortexa9_0/include -MMD -MP -MF"src/camera_app.d" -MT"src/camera_app.d" -o "src/camera_app.o" "../src/camera_app.c"
'Finished building: ../src/camera_app.c'
' '
'Building target: camera_app.elf'
'Invoking: ARM gcc linker'
arm-xilinx-eabi-gcc -Wl,-T -Wl,../src/lscript.ld -L../../system_bsp/ps7_cortexa9_0/lib -o "camera_app.elf"  ./src/camera_app.o ./src/fmc_imageon_utils.o ./src/video_detector.o ./src/video_frame_buffer.o ./src/video_generator.o ./src/video_resolution.o ./src/xtpg_app.o   -Wl,--start-group,-lxil,-lgcc,-lc,--end-group
'Finished building target: camera_app.elf'
' '
'Invoking: ARM Print Size'
arm-xilinx-eabi-size camera_app.elf  |tee "camera_app.elf.size"
   text	   data	    bss	    dec	    hex	filename
  82314	   3104	  33088	 118506	  1ceea	camera_app.elf
'Finished building: camera_app.elf.size'
' '
17:03:36 **** Auto Build of configuration Debug for project camera_app ****
make all 
'Building file: ../src/camera_app.c'
'Invoking: ARM gcc compiler'
arm-xilinx-eabi-gcc -Wall -O0 -g3 -c -fmessage-length=0 -I../../system_bsp/ps7_cortexa9_0/include -MMD -MP -MF"src/camera_app.d" -MT"src/camera_app.d" -o "src/camera_app.o" "../src/camera_app.c"
'Finished building: ../src/camera_app.c'
' '
'Building target: camera_app.elf'
'Invoking: ARM gcc linker'
arm-xilinx-eabi-gcc -Wl,-T -Wl,../src/lscript.ld -L../../system_bsp/ps7_cortexa9_0/lib -o "camera_app.elf"  ./src/camera_app.o ./src/fmc_imageon_utils.o ./src/video_detector.o ./src/video_frame_buffer.o ./src/video_generator.o ./src/video_resolution.o ./src/xtpg_app.o   -Wl,--start-group,-lxil,-lgcc,-lc,--end-group
'Finished building target: camera_app.elf'
' '
'Invoking: ARM Print Size'
arm-xilinx-eabi-size camera_app.elf  |tee "camera_app.elf.size"
   text	   data	    bss	    dec	    hex	filename
  82326	   3104	  33088	 118518	  1cef6	camera_app.elf
'Finished building: camera_app.elf.size'
' '
17:03:37 **** Incremental Build of configuration Debug for project camera_app ****
make all 
make: Nothing to be done for `all'.
17:04:07 **** Auto Build of configuration Debug for project camera_app ****
make all 
'Building file: ../src/camera_app.c'
'Invoking: ARM gcc compiler'
arm-xilinx-eabi-gcc -Wall -O0 -g3 -c -fmessage-length=0 -I../../system_bsp/ps7_cortexa9_0/include -MMD -MP -MF"src/camera_app.d" -MT"src/camera_app.d" -o "src/camera_app.o" "../src/camera_app.c"
'Finished building: ../src/camera_app.c'
' '
'Building target: camera_app.elf'
'Invoking: ARM gcc linker'
arm-xilinx-eabi-gcc -Wl,-T -Wl,../src/lscript.ld -L../../system_bsp/ps7_cortexa9_0/lib -o "camera_app.elf"  ./src/camera_app.o ./src/fmc_imageon_utils.o ./src/video_detector.o ./src/video_frame_buffer.o ./src/video_generator.o ./src/video_resolution.o ./src/xtpg_app.o   -Wl,--start-group,-lxil,-lgcc,-lc,--end-group
'Finished building target: camera_app.elf'
' '
'Invoking: ARM Print Size'
arm-xilinx-eabi-size camera_app.elf  |tee "camera_app.elf.size"
   text	   data	    bss	    dec	    hex	filename
  82326	   3104	  33088	 118518	  1cef6	camera_app.elf
'Finished building: camera_app.elf.size'
' '
17:04:50 **** Auto Build of configuration Debug for project camera_app ****
make all 
'Building file: ../src/camera_app.c'
'Invoking: ARM gcc compiler'
arm-xilinx-eabi-gcc -Wall -O0 -g3 -c -fmessage-length=0 -I../../system_bsp/ps7_cortexa9_0/include -MMD -MP -MF"src/camera_app.d" -MT"src/camera_app.d" -o "src/camera_app.o" "../src/camera_app.c"
'Finished building: ../src/camera_app.c'
' '
'Building target: camera_app.elf'
'Invoking: ARM gcc linker'
arm-xilinx-eabi-gcc -Wl,-T -Wl,../src/lscript.ld -L../../system_bsp/ps7_cortexa9_0/lib -o "camera_app.elf"  ./src/camera_app.o ./src/fmc_imageon_utils.o ./src/video_detector.o ./src/video_frame_buffer.o ./src/video_generator.o ./src/video_resolution.o ./src/xtpg_app.o   -Wl,--start-group,-lxil,-lgcc,-lc,--end-group
'Finished building target: camera_app.elf'
' '
'Invoking: ARM Print Size'
arm-xilinx-eabi-size camera_app.elf  |tee "camera_app.elf.size"
   text	   data	    bss	    dec	    hex	filename
  82314	   3104	  33088	 118506	  1ceea	camera_app.elf
'Finished building: camera_app.elf.size'
' '
17:04:52 **** Incremental Build of configuration Debug for project camera_app ****
make all 
make: Nothing to be done for `all'.
17:05:18 **** Auto Build of configuration Debug for project camera_app ****
make all 
'Building file: ../src/camera_app.c'
'Invoking: ARM gcc compiler'
arm-xilinx-eabi-gcc -Wall -O0 -g3 -c -fmessage-length=0 -I../../system_bsp/ps7_cortexa9_0/include -MMD -MP -MF"src/camera_app.d" -MT"src/camera_app.d" -o "src/camera_app.o" "../src/camera_app.c"
'Finished building: ../src/camera_app.c'
' '
'Building target: camera_app.elf'
'Invoking: ARM gcc linker'
arm-xilinx-eabi-gcc -Wl,-T -Wl,../src/lscript.ld -L../../system_bsp/ps7_cortexa9_0/lib -o "camera_app.elf"  ./src/camera_app.o ./src/fmc_imageon_utils.o ./src/video_detector.o ./src/video_frame_buffer.o ./src/video_generator.o ./src/video_resolution.o ./src/xtpg_app.o   -Wl,--start-group,-lxil,-lgcc,-lc,--end-group
'Finished building target: camera_app.elf'
' '
'Invoking: ARM Print Size'
arm-xilinx-eabi-size camera_app.elf  |tee "camera_app.elf.size"
   text	   data	    bss	    dec	    hex	filename
  82326	   3104	  33088	 118518	  1cef6	camera_app.elf
'Finished building: camera_app.elf.size'
' '
17:05:23 **** Auto Build of configuration Debug for project camera_app ****
make all 
'Building file: ../src/camera_app.c'
'Invoking: ARM gcc compiler'
arm-xilinx-eabi-gcc -Wall -O0 -g3 -c -fmessage-length=0 -I../../system_bsp/ps7_cortexa9_0/include -MMD -MP -MF"src/camera_app.d" -MT"src/camera_app.d" -o "src/camera_app.o" "../src/camera_app.c"
'Finished building: ../src/camera_app.c'
' '
'Building target: camera_app.elf'
'Invoking: ARM gcc linker'
arm-xilinx-eabi-gcc -Wl,-T -Wl,../src/lscript.ld -L../../system_bsp/ps7_cortexa9_0/lib -o "camera_app.elf"  ./src/camera_app.o ./src/fmc_imageon_utils.o ./src/video_detector.o ./src/video_frame_buffer.o ./src/video_generator.o ./src/video_resolution.o ./src/xtpg_app.o   -Wl,--start-group,-lxil,-lgcc,-lc,--end-group
'Finished building target: camera_app.elf'
' '
'Invoking: ARM Print Size'
arm-xilinx-eabi-size camera_app.elf  |tee "camera_app.elf.size"
   text	   data	    bss	    dec	    hex	filename
  82326	   3104	  33088	 118518	  1cef6	camera_app.elf
'Finished building: camera_app.elf.size'
' '
17:06:24 **** Auto Build of configuration Debug for project camera_app ****
make all 
'Building file: ../src/fmc_imageon_utils.c'
'Invoking: ARM gcc compiler'
arm-xilinx-eabi-gcc -Wall -O0 -g3 -c -fmessage-length=0 -I../../system_bsp/ps7_cortexa9_0/include -MMD -MP -MF"src/fmc_imageon_utils.d" -MT"src/fmc_imageon_utils.d" -o "src/fmc_imageon_utils.o" "../src/fmc_imageon_utils.c"
../src/fmc_imageon_utils.c: In function 'fmc_imageon_enable_vita':
../src/fmc_imageon_utils.c:242:8: warning: unused variable 'ret' [-Wunused-variable]
'Finished building: ../src/fmc_imageon_utils.c'
' '
'Building target: camera_app.elf'
'Invoking: ARM gcc linker'
arm-xilinx-eabi-gcc -Wl,-T -Wl,../src/lscript.ld -L../../system_bsp/ps7_cortexa9_0/lib -o "camera_app.elf"  ./src/camera_app.o ./src/fmc_imageon_utils.o ./src/video_detector.o ./src/video_frame_buffer.o ./src/video_generator.o ./src/video_resolution.o ./src/xtpg_app.o   -Wl,--start-group,-lxil,-lgcc,-lc,--end-group
'Finished building target: camera_app.elf'
' '
'Invoking: ARM Print Size'
arm-xilinx-eabi-size camera_app.elf  |tee "camera_app.elf.size"
   text	   data	    bss	    dec	    hex	filename
  82326	   3104	  33088	 118518	  1cef6	camera_app.elf
'Finished building: camera_app.elf.size'
' '
17:06:36 **** Incremental Build of configuration Debug for project camera_app ****
make all 
make: Nothing to be done for `all'.
17:06:49 **** Auto Build of configuration Debug for project camera_app ****
make all 
'Building file: ../src/camera_app.c'
'Invoking: ARM gcc compiler'
arm-xilinx-eabi-gcc -Wall -O0 -g3 -c -fmessage-length=0 -I../../system_bsp/ps7_cortexa9_0/include -MMD -MP -MF"src/camera_app.d" -MT"src/camera_app.d" -o "src/camera_app.o" "../src/camera_app.c"
'Finished building: ../src/camera_app.c'
' '
'Building target: camera_app.elf'
'Invoking: ARM gcc linker'
arm-xilinx-eabi-gcc -Wl,-T -Wl,../src/lscript.ld -L../../system_bsp/ps7_cortexa9_0/lib -o "camera_app.elf"  ./src/camera_app.o ./src/fmc_imageon_utils.o ./src/video_detector.o ./src/video_frame_buffer.o ./src/video_generator.o ./src/video_resolution.o ./src/xtpg_app.o   -Wl,--start-group,-lxil,-lgcc,-lc,--end-group
'Finished building target: camera_app.elf'
' '
'Invoking: ARM Print Size'
arm-xilinx-eabi-size camera_app.elf  |tee "camera_app.elf.size"
   text	   data	    bss	    dec	    hex	filename
  82314	   3104	  33088	 118506	  1ceea	camera_app.elf
'Finished building: camera_app.elf.size'
' '
17:06:51 **** Incremental Build of configuration Debug for project camera_app ****
make all 
make: Nothing to be done for `all'.
17:07:08 **** Auto Build of configuration Debug for project camera_app ****
make all 
'Building file: ../src/fmc_imageon_utils.c'
'Invoking: ARM gcc compiler'
arm-xilinx-eabi-gcc -Wall -O0 -g3 -c -fmessage-length=0 -I../../system_bsp/ps7_cortexa9_0/include -MMD -MP -MF"src/fmc_imageon_utils.d" -MT"src/fmc_imageon_utils.d" -o "src/fmc_imageon_utils.o" "../src/fmc_imageon_utils.c"
../src/fmc_imageon_utils.c: In function 'fmc_imageon_enable_vita':
../src/fmc_imageon_utils.c:242:8: warning: unused variable 'ret' [-Wunused-variable]
'Finished building: ../src/fmc_imageon_utils.c'
' '
'Building target: camera_app.elf'
'Invoking: ARM gcc linker'
arm-xilinx-eabi-gcc -Wl,-T -Wl,../src/lscript.ld -L../../system_bsp/ps7_cortexa9_0/lib -o "camera_app.elf"  ./src/camera_app.o ./src/fmc_imageon_utils.o ./src/video_detector.o ./src/video_frame_buffer.o ./src/video_generator.o ./src/video_resolution.o ./src/xtpg_app.o   -Wl,--start-group,-lxil,-lgcc,-lc,--end-group
'Finished building target: camera_app.elf'
' '
'Invoking: ARM Print Size'
arm-xilinx-eabi-size camera_app.elf  |tee "camera_app.elf.size"
   text	   data	    bss	    dec	    hex	filename
  82314	   3104	  33088	 118506	  1ceea	camera_app.elf
'Finished building: camera_app.elf.size'
' '
17:07:09 **** Incremental Build of configuration Debug for project camera_app ****
make all 
make: Nothing to be done for `all'.
17:07:23 **** Auto Build of configuration Debug for project camera_app ****
make all 
'Building file: ../src/fmc_imageon_utils.c'
'Invoking: ARM gcc compiler'
arm-xilinx-eabi-gcc -Wall -O0 -g3 -c -fmessage-length=0 -I../../system_bsp/ps7_cortexa9_0/include -MMD -MP -MF"src/fmc_imageon_utils.d" -MT"src/fmc_imageon_utils.d" -o "src/fmc_imageon_utils.o" "../src/fmc_imageon_utils.c"
../src/fmc_imageon_utils.c: In function 'fmc_imageon_enable_vita':
../src/fmc_imageon_utils.c:242:8: warning: unused variable 'ret' [-Wunused-variable]
'Finished building: ../src/fmc_imageon_utils.c'
' '
'Building target: camera_app.elf'
'Invoking: ARM gcc linker'
arm-xilinx-eabi-gcc -Wl,-T -Wl,../src/lscript.ld -L../../system_bsp/ps7_cortexa9_0/lib -o "camera_app.elf"  ./src/camera_app.o ./src/fmc_imageon_utils.o ./src/video_detector.o ./src/video_frame_buffer.o ./src/video_generator.o ./src/video_resolution.o ./src/xtpg_app.o   -Wl,--start-group,-lxil,-lgcc,-lc,--end-group
'Finished building target: camera_app.elf'
' '
'Invoking: ARM Print Size'
arm-xilinx-eabi-size camera_app.elf  |tee "camera_app.elf.size"
   text	   data	    bss	    dec	    hex	filename
  82314	   3104	  33088	 118506	  1ceea	camera_app.elf
'Finished building: camera_app.elf.size'
' '
17:07:24 **** Incremental Build of configuration Debug for project camera_app ****
make all 
make: Nothing to be done for `all'.
17:08:24 **** Auto Build of configuration Debug for project camera_app ****
make all 
'Building file: ../src/fmc_imageon_utils.c'
'Invoking: ARM gcc compiler'
arm-xilinx-eabi-gcc -Wall -O0 -g3 -c -fmessage-length=0 -I../../system_bsp/ps7_cortexa9_0/include -MMD -MP -MF"src/fmc_imageon_utils.d" -MT"src/fmc_imageon_utils.d" -o "src/fmc_imageon_utils.o" "../src/fmc_imageon_utils.c"
../src/fmc_imageon_utils.c: In function 'fmc_imageon_enable_vita':
../src/fmc_imageon_utils.c:242:8: warning: unused variable 'ret' [-Wunused-variable]
'Finished building: ../src/fmc_imageon_utils.c'
' '
'Building target: camera_app.elf'
'Invoking: ARM gcc linker'
arm-xilinx-eabi-gcc -Wl,-T -Wl,../src/lscript.ld -L../../system_bsp/ps7_cortexa9_0/lib -o "camera_app.elf"  ./src/camera_app.o ./src/fmc_imageon_utils.o ./src/video_detector.o ./src/video_frame_buffer.o ./src/video_generator.o ./src/video_resolution.o ./src/xtpg_app.o   -Wl,--start-group,-lxil,-lgcc,-lc,--end-group
'Finished building target: camera_app.elf'
' '
'Invoking: ARM Print Size'
arm-xilinx-eabi-size camera_app.elf  |tee "camera_app.elf.size"
   text	   data	    bss	    dec	    hex	filename
  82314	   3104	  33088	 118506	  1ceea	camera_app.elf
'Finished building: camera_app.elf.size'
' '
18:38:05 **** Auto Build of project system_bsp ****
make -k all 
'Finished building libraries'
18:38:08 **** Clean-only build of project system_bsp ****
make -k clean 
rm -rf ps7_cortexa9_0
18:38:10 **** Clean-only build of configuration Debug for project camera_app ****
make clean 
rm -rf  ./src/camera_app.o ./src/fmc_imageon_utils.o ./src/video_detector.o ./src/video_frame_buffer.o ./src/video_generator.o ./src/video_resolution.o ./src/xtpg_app.o  ./src/camera_app.d ./src/fmc_imageon_utils.d ./src/video_detector.d ./src/video_frame_buffer.d ./src/video_generator.d ./src/video_resolution.d ./src/xtpg_app.d  camera_app.elf.size  camera_app.elf
' '
18:38:10 **** Build of project system_bsp ****
make -k all 
libgen -hw ../system_hw_platform/system.xml\
	       -lp //my.files.iastate.edu/Users/burneykb/Documents/cpre488mp2/repository/ProcessorIPLib\
	       -pe ps7_cortexa9_0 \
	       -log libgen.log \
	       system.mss
libgen
Xilinx EDK 14.7 Build EDK_P.20131013
Copyright (c) 1995-2012 Xilinx, Inc.  All rights reserved.

Command Line: libgen -hw ../system_hw_platform/system.xml -lp
//my.files.iastate.edu/Users/burneykb/Documents/cpre488mp2/repository/ProcessorI
PLib -pe ps7_cortexa9_0 -log libgen.log system.mss 

WARNING:EDK:411 - iic - C:\temp\cpre488mp2\sw\system_bsp\system.mss line 27 -
   deprecated driver!
WARNING:EDK:411 - iic - C:\temp\cpre488mp2\sw\system_bsp\system.mss line 33 -
   deprecated driver!
WARNING:EDK:411 - devcfg - C:\temp\cpre488mp2\sw\system_bsp\system.mss line 51 -
   deprecated driver!
WARNING:EDK:411 - dmaps - C:\temp\cpre488mp2\sw\system_bsp\system.mss line 57 -
   deprecated driver!
WARNING:EDK:411 - dmaps - C:\temp\cpre488mp2\sw\system_bsp\system.mss line 63 -
   deprecated driver!
WARNING:EDK:411 - emacps - C:\temp\cpre488mp2\sw\system_bsp\system.mss line 69 -
   deprecated driver!
WARNING:EDK:411 - gpiops - C:\temp\cpre488mp2\sw\system_bsp\system.mss line 75 -
   deprecated driver!
WARNING:EDK:411 - qspips - C:\temp\cpre488mp2\sw\system_bsp\system.mss line 87 -
   deprecated driver!
WARNING:EDK:411 - scugic - C:\temp\cpre488mp2\sw\system_bsp\system.mss line 111
   - deprecated driver!
WARNING:EDK:411 - scutimer - C:\temp\cpre488mp2\sw\system_bsp\system.mss line
   117 - deprecated driver!
WARNING:EDK:411 - scuwdt - C:\temp\cpre488mp2\sw\system_bsp\system.mss line 123
   - deprecated driver!
WARNING:EDK:411 - uartps - C:\temp\cpre488mp2\sw\system_bsp\system.mss line 147
   - deprecated driver!
WARNING:EDK:411 - usbps - C:\temp\cpre488mp2\sw\system_bsp\system.mss line 153 -
   deprecated driver!
WARNING:EDK:411 - axivdma - C:\temp\cpre488mp2\sw\system_bsp\system.mss line 171
   - deprecated driver!
WARNING:EDK:411 - standalone - C:\temp\cpre488mp2\sw\system_bsp\system.mss line
   5 - deprecated os!

Staging source files.
Running DRCs.
Running generate.
Handling DEVICE_ID

Handling C_BASEADDR

Handling DEVICE_ID

Handling C_BASEADDR

Running post_generate.
Running include - 'make -s include "COMPILER=arm-xilinx-eabi-gcc"
"ARCHIVER=arm-xilinx-eabi-ar" "COMPILER_FLAGS= -O2 -c"
"EXTRA_COMPILER_FLAGS=-g"'.

Running libs - 'make -s libs "COMPILER=arm-xilinx-eabi-gcc"
"ARCHIVER=arm-xilinx-eabi-ar" "COMPILER_FLAGS= -O2 -c"
"EXTRA_COMPILER_FLAGS=-g"'.
"Compiling common"
arm-xilinx-eabi-ar: creating ../../../lib/libxil.a
"Compiling xadc"
"Compiling standalone"
"Compiling fmc_iic_sw"
"Compiling fmc_imageon_sw"
"Compiling fmc_ipmi_sw"
"Compiling axivdma"
"Compiling iic"
"Compiling devcfg"
"Compiling dmaps"
"Compiling emacps"
"Compiling gpiops"
"Compiling qspips"
"Compiling scugic"
"Compiling scutimer"
"Compiling scuwdt"
"Compiling ttcps"
"Compiling uartps"
"Compiling usbps"
"Compiling video timing controller"
"Compiling cpu_cortexa9"
Running execs_generate.
'Finished building libraries'
18:38:26 **** Build of configuration Debug for project camera_app ****
make all 
'Building file: ../src/camera_app.c'
'Invoking: ARM gcc compiler'
arm-xilinx-eabi-gcc -Wall -O0 -g3 -c -fmessage-length=0 -I../../system_bsp/ps7_cortexa9_0/include -MMD -MP -MF"src/camera_app.d" -MT"src/camera_app.d" -o "src/camera_app.o" "../src/camera_app.c"
'Finished building: ../src/camera_app.c'
' '
'Building file: ../src/fmc_imageon_utils.c'
'Invoking: ARM gcc compiler'
arm-xilinx-eabi-gcc -Wall -O0 -g3 -c -fmessage-length=0 -I../../system_bsp/ps7_cortexa9_0/include -MMD -MP -MF"src/fmc_imageon_utils.d" -MT"src/fmc_imageon_utils.d" -o "src/fmc_imageon_utils.o" "../src/fmc_imageon_utils.c"
../src/fmc_imageon_utils.c: In function 'fmc_imageon_enable_vita':
../src/fmc_imageon_utils.c:242:8: warning: unused variable 'ret' [-Wunused-variable]
'Finished building: ../src/fmc_imageon_utils.c'
' '
'Building file: ../src/video_detector.c'
'Invoking: ARM gcc compiler'
arm-xilinx-eabi-gcc -Wall -O0 -g3 -c -fmessage-length=0 -I../../system_bsp/ps7_cortexa9_0/include -MMD -MP -MF"src/video_detector.d" -MT"src/video_detector.d" -o "src/video_detector.o" "../src/video_detector.c"
../src/video_detector.c: In function 'vdet_init':
../src/video_detector.c:117:6: warning: unused variable 'ResolutionId' [-Wunused-variable]
../src/video_detector.c:116:10: warning: unused variable 'Height' [-Wunused-variable]
../src/video_detector.c:115:10: warning: unused variable 'Width' [-Wunused-variable]
../src/video_detector.c: In function 'vdet_detect':
../src/video_detector.c:168:20: warning: unused variable 'SourceSelect' [-Wunused-variable]
../src/video_detector.c:167:16: warning: unused variable 'Polarity' [-Wunused-variable]
../src/video_detector.c: In function 'vdet_config':
../src/video_detector.c:226:6: warning: unused variable 'Status' [-Wunused-variable]
'Finished building: ../src/video_detector.c'
' '
'Building file: ../src/video_frame_buffer.c'
'Invoking: ARM gcc compiler'
arm-xilinx-eabi-gcc -Wall -O0 -g3 -c -fmessage-length=0 -I../../system_bsp/ps7_cortexa9_0/include -MMD -MP -MF"src/video_frame_buffer.d" -MT"src/video_frame_buffer.d" -o "src/video_frame_buffer.o" "../src/video_frame_buffer.c"
../src/video_frame_buffer.c: In function 'vfb_rx_init':
../src/video_frame_buffer.c:53:8: warning: unused variable 'uDMACR' [-Wunused-variable]
../src/video_frame_buffer.c:52:8: warning: unused variable 'uBaseAddr' [-Wunused-variable]
../src/video_frame_buffer.c:51:26: warning: unused variable 'FrameCfg' [-Wunused-variable]
../src/video_frame_buffer.c: In function 'vfb_tx_init':
../src/video_frame_buffer.c:78:26: warning: unused variable 'FrameCfg' [-Wunused-variable]
../src/video_frame_buffer.c:110:1: warning: control reaches end of non-void function [-Wreturn-type]
../src/video_frame_buffer.c: In function 'vfb_rx_init':
../src/video_frame_buffer.c:73:1: warning: control reaches end of non-void function [-Wreturn-type]
'Finished building: ../src/video_frame_buffer.c'
' '
'Building file: ../src/video_generator.c'
'Invoking: ARM gcc compiler'
arm-xilinx-eabi-gcc -Wall -O0 -g3 -c -fmessage-length=0 -I../../system_bsp/ps7_cortexa9_0/include -MMD -MP -MF"src/video_generator.d" -MT"src/video_generator.d" -o "src/video_generator.o" "../src/video_generator.c"
../src/video_generator.c: In function 'vgen_init':
../src/video_generator.c:118:6: warning: unused variable 'ResolutionId' [-Wunused-variable]
../src/video_generator.c:117:10: warning: unused variable 'Height' [-Wunused-variable]
../src/video_generator.c:116:10: warning: unused variable 'Width' [-Wunused-variable]
../src/video_generator.c: In function 'vgen_config':
../src/video_generator.c:166:6: warning: unused variable 'Status' [-Wunused-variable]
'Finished building: ../src/video_generator.c'
' '
'Building file: ../src/video_resolution.c'
'Invoking: ARM gcc compiler'
arm-xilinx-eabi-gcc -Wall -O0 -g3 -c -fmessage-length=0 -I../../system_bsp/ps7_cortexa9_0/include -MMD -MP -MF"src/video_resolution.d" -MT"src/video_resolution.d" -o "src/video_resolution.o" "../src/video_resolution.c"
'Finished building: ../src/video_resolution.c'
' '
'Building file: ../src/xtpg_app.c'
'Invoking: ARM gcc compiler'
arm-xilinx-eabi-gcc -Wall -O0 -g3 -c -fmessage-length=0 -I../../system_bsp/ps7_cortexa9_0/include -MMD -MP -MF"src/xtpg_app.d" -MT"src/xtpg_app.d" -o "src/xtpg_app.o" "../src/xtpg_app.c"
../src/xtpg_app.c: In function 'xTPG_main':
../src/xtpg_app.c:66:7: warning: implicit declaration of function 'print' [-Wimplicit-function-declaration]
../src/xtpg_app.c:67:7: warning: implicit declaration of function 'inbyte' [-Wimplicit-function-declaration]
../src/xtpg_app.c:68:7: warning: implicit declaration of function 'xil_printf' [-Wimplicit-function-declaration]
../src/xtpg_app.c:39:27: warning: unused variable 'pass' [-Wunused-variable]
../src/xtpg_app.c:39:19: warning: unused variable 'offset' [-Wunused-variable]
../src/xtpg_app.c:39:14: warning: unused variable 'num' [-Wunused-variable]
../src/xtpg_app.c:39:11: warning: unused variable 'j' [-Wunused-variable]
../src/xtpg_app.c:39:8: warning: unused variable 'i' [-Wunused-variable]
../src/xtpg_app.c:38:28: warning: unused variable 'fstore_address' [-Wunused-variable]
../src/xtpg_app.c:38:18: warning: unused variable 'y_offset' [-Wunused-variable]
../src/xtpg_app.c:38:8: warning: unused variable 'x_offset' [-Wunused-variable]
../src/xtpg_app.c:37:29: warning: unused variable 'data_read' [-Wunused-variable]
../src/xtpg_app.c:37:23: warning: unused variable 'mask' [-Wunused-variable]
../src/xtpg_app.c:37:17: warning: unused variable 'data' [-Wunused-variable]
../src/xtpg_app.c:36:38: warning: unused variable 'taddress' [-Wunused-variable]
../src/xtpg_app.c:36:28: warning: unused variable 'address' [-Wunused-variable]
'Finished building: ../src/xtpg_app.c'
' '
'Building target: camera_app.elf'
'Invoking: ARM gcc linker'
arm-xilinx-eabi-gcc -Wl,-T -Wl,../src/lscript.ld -L../../system_bsp/ps7_cortexa9_0/lib -o "camera_app.elf"  ./src/camera_app.o ./src/fmc_imageon_utils.o ./src/video_detector.o ./src/video_frame_buffer.o ./src/video_generator.o ./src/video_resolution.o ./src/xtpg_app.o   -Wl,--start-group,-lxil,-lgcc,-lc,--end-group
'Finished building target: camera_app.elf'
' '
'Invoking: ARM Print Size'
arm-xilinx-eabi-size camera_app.elf  |tee "camera_app.elf.size"
   text	   data	    bss	    dec	    hex	filename
  82314	   3104	  33088	 118506	  1ceea	camera_app.elf
'Finished building: camera_app.elf.size'
' '
18:40:28 **** Auto Build of configuration Debug for project camera_app ****
make all 
'Building file: ../src/fmc_imageon_utils.c'
'Invoking: ARM gcc compiler'
arm-xilinx-eabi-gcc -Wall -O0 -g3 -c -fmessage-length=0 -I../../system_bsp/ps7_cortexa9_0/include -MMD -MP -MF"src/fmc_imageon_utils.d" -MT"src/fmc_imageon_utils.d" -o "src/fmc_imageon_utils.o" "../src/fmc_imageon_utils.c"
../src/fmc_imageon_utils.c: In function 'fmc_imageon_enable':
../src/fmc_imageon_utils.c:127:4: warning: implicit declaration of function 'fmc_imageon_vita_receiver_init' [-Wimplicit-function-declaration]
../src/fmc_imageon_utils.c:127:44: error: 'camera_config_t' has no member named 'vita_receiver'
../src/fmc_imageon_utils.c:128:10: error: 'camera_config_t' has no member named 'vita_receiver'
../src/fmc_imageon_utils.c:129:4: warning: implicit declaration of function 'fmc_imageon_vita_receiver_spi_config' [-Wimplicit-function-declaration]
../src/fmc_imageon_utils.c:129:50: error: 'camera_config_t' has no member named 'vita_receiver'
../src/fmc_imageon_utils.c: In function 'fmc_imageon_enable_vita':
../src/fmc_imageon_utils.c:242:8: warning: unused variable 'ret' [-Wunused-variable]
make: *** [src/fmc_imageon_utils.o] Error 1
18:41:06 **** Auto Build of configuration Debug for project camera_app ****
make all 
'Building file: ../src/fmc_imageon_utils.c'
'Invoking: ARM gcc compiler'
arm-xilinx-eabi-gcc -Wall -O0 -g3 -c -fmessage-length=0 -I../../system_bsp/ps7_cortexa9_0/include -MMD -MP -MF"src/fmc_imageon_utils.d" -MT"src/fmc_imageon_utils.d" -o "src/fmc_imageon_utils.o" "../src/fmc_imageon_utils.c"
In file included from ../src/fmc_imageon_utils.c:18:0:
../src/camera_app.h:30:39: fatal error: fmc_imageon_vita_receiver.h: No such file or directory
compilation terminated.
make: *** [src/fmc_imageon_utils.o] Error 1
18:42:35 **** Clean-only build of project system_bsp ****
make -k clean 
rm -rf ps7_cortexa9_0
18:42:36 **** Build of project system_bsp ****
make -k all 
libgen -hw ../system_hw_platform/system.xml\
	       -lp //my.files.iastate.edu/Users/burneykb/Documents/cpre488mp2/repository/ProcessorIPLib\
	       -pe ps7_cortexa9_0 \
	       -log libgen.log \
	       system.mss
libgen
Xilinx EDK 14.7 Build EDK_P.20131013
Copyright (c) 1995-2012 Xilinx, Inc.  All rights reserved.

Command Line: libgen -hw ../system_hw_platform/system.xml -lp
//my.files.iastate.edu/Users/burneykb/Documents/cpre488mp2/repository/ProcessorI
PLib -pe ps7_cortexa9_0 -log libgen.log system.mss 

WARNING:EDK:411 - iic - C:\temp\cpre488mp2\sw\system_bsp\system.mss line 27 -
   deprecated driver!
WARNING:EDK:411 - iic - C:\temp\cpre488mp2\sw\system_bsp\system.mss line 33 -
   deprecated driver!
WARNING:EDK:411 - devcfg - C:\temp\cpre488mp2\sw\system_bsp\system.mss line 51 -
   deprecated driver!
WARNING:EDK:411 - dmaps - C:\temp\cpre488mp2\sw\system_bsp\system.mss line 57 -
   deprecated driver!
WARNING:EDK:411 - dmaps - C:\temp\cpre488mp2\sw\system_bsp\system.mss line 63 -
   deprecated driver!
WARNING:EDK:411 - emacps - C:\temp\cpre488mp2\sw\system_bsp\system.mss line 69 -
   deprecated driver!
WARNING:EDK:411 - gpiops - C:\temp\cpre488mp2\sw\system_bsp\system.mss line 75 -
   deprecated driver!
WARNING:EDK:411 - qspips - C:\temp\cpre488mp2\sw\system_bsp\system.mss line 87 -
   deprecated driver!
WARNING:EDK:411 - scugic - C:\temp\cpre488mp2\sw\system_bsp\system.mss line 111
   - deprecated driver!
WARNING:EDK:411 - scutimer - C:\temp\cpre488mp2\sw\system_bsp\system.mss line
   117 - deprecated driver!
WARNING:EDK:411 - scuwdt - C:\temp\cpre488mp2\sw\system_bsp\system.mss line 123
   - deprecated driver!
WARNING:EDK:411 - uartps - C:\temp\cpre488mp2\sw\system_bsp\system.mss line 147
   - deprecated driver!
WARNING:EDK:411 - usbps - C:\temp\cpre488mp2\sw\system_bsp\system.mss line 153 -
   deprecated driver!
WARNING:EDK:411 - axivdma - C:\temp\cpre488mp2\sw\system_bsp\system.mss line 171
   - deprecated driver!
WARNING:EDK:411 - standalone - C:\temp\cpre488mp2\sw\system_bsp\system.mss line
   5 - deprecated os!

Staging source files.
Running DRCs.
Running generate.
Handling DEVICE_ID

Handling C_BASEADDR

Handling DEVICE_ID

Handling C_BASEADDR

Running post_generate.
Running include - 'make -s include "COMPILER=arm-xilinx-eabi-gcc"
"ARCHIVER=arm-xilinx-eabi-ar" "COMPILER_FLAGS= -O2 -c"
"EXTRA_COMPILER_FLAGS=-g"'.

Running libs - 'make -s libs "COMPILER=arm-xilinx-eabi-gcc"
"ARCHIVER=arm-xilinx-eabi-ar" "COMPILER_FLAGS= -O2 -c"
"EXTRA_COMPILER_FLAGS=-g"'.
"Compiling common"
arm-xilinx-eabi-ar: creating ../../../lib/libxil.a
"Compiling xadc"
"Compiling standalone"
"Compiling fmc_iic_sw"
"Compiling fmc_imageon_sw"
"Compiling fmc_ipmi_sw"
"Compiling axivdma"
"Compiling iic"
"Compiling fmc_imageon_vita_receiver"
fmc_imageon_vita_receiver.c: In function 'fmc_imageon_vita_receiver_set_analog_gain':
fmc_imageon_vita_receiver.c:1430:12: warning: assignment from incompatible pointer type [enabled by default]
fmc_imageon_vita_receiver.c:1436:7: warning: passing argument 2 of 'fmc_imageon_vita_receiver_spi_display_sequence' from incompatible pointer type [enabled by default]
fmc_imageon_vita_receiver.c:730:5: note: expected 'Xuint16 (*)[3]' but argument is of type 'Xuint16 **'
fmc_imageon_vita_receiver.c:1438:4: warning: passing argument 2 of 'fmc_imageon_vita_receiver_spi_write_sequence' from incompatible pointer type [enabled by default]
fmc_imageon_vita_receiver.c:683:5: note: expected 'Xuint16 (*)[3]' but argument is of type 'Xuint16 **'
fmc_imageon_vita_receiver.c: In function 'fmc_imageon_vita_receiver_set_digital_gain':
fmc_imageon_vita_receiver.c:1467:12: warning: assignment from incompatible pointer type [enabled by default]
fmc_imageon_vita_receiver.c:1473:4: warning: passing argument 2 of 'fmc_imageon_vita_receiver_spi_display_sequence' from incompatible pointer type [enabled by default]
fmc_imageon_vita_receiver.c:730:5: note: expected 'Xuint16 (*)[3]' but argument is of type 'Xuint16 **'
fmc_imageon_vita_receiver.c:1475:4: warning: passing argument 2 of 'fmc_imageon_vita_receiver_spi_write_sequence' from incompatible pointer type [enabled by default]
fmc_imageon_vita_receiver.c:683:5: note: expected 'Xuint16 (*)[3]' but argument is of type 'Xuint16 **'
"Compiling devcfg"
"Compiling dmaps"
"Compiling emacps"
"Compiling gpiops"
"Compiling qspips"
"Compiling scugic"
"Compiling scutimer"
"Compiling scuwdt"
"Compiling ttcps"
"Compiling uartps"
"Compiling usbps"
"Compiling video timing controller"
"Compiling cpu_cortexa9"
Running execs_generate.
'Finished building libraries'
18:42:52 **** Auto Build of configuration Debug for project camera_app ****
make all 
'Building file: ../src/fmc_imageon_utils.c'
'Invoking: ARM gcc compiler'
arm-xilinx-eabi-gcc -Wall -O0 -g3 -c -fmessage-length=0 -I../../system_bsp/ps7_cortexa9_0/include -MMD -MP -MF"src/fmc_imageon_utils.d" -MT"src/fmc_imageon_utils.d" -o "src/fmc_imageon_utils.o" "../src/fmc_imageon_utils.c"
../src/fmc_imageon_utils.c: In function 'fmc_imageon_enable':
../src/fmc_imageon_utils.c:127:44: error: 'camera_config_t' has no member named 'vita_receiver'
../src/fmc_imageon_utils.c:128:10: error: 'camera_config_t' has no member named 'vita_receiver'
../src/fmc_imageon_utils.c:129:50: error: 'camera_config_t' has no member named 'vita_receiver'
../src/fmc_imageon_utils.c: In function 'fmc_imageon_enable_vita':
../src/fmc_imageon_utils.c:242:8: warning: unused variable 'ret' [-Wunused-variable]
make: *** [src/fmc_imageon_utils.o] Error 1
18:43:22 **** Auto Build of configuration Debug for project camera_app ****
make all 
'Building file: ../src/fmc_imageon_utils.c'
'Invoking: ARM gcc compiler'
arm-xilinx-eabi-gcc -Wall -O0 -g3 -c -fmessage-length=0 -I../../system_bsp/ps7_cortexa9_0/include -MMD -MP -MF"src/fmc_imageon_utils.d" -MT"src/fmc_imageon_utils.d" -o "src/fmc_imageon_utils.o" "../src/fmc_imageon_utils.c"
../src/fmc_imageon_utils.c: In function 'fmc_imageon_enable_vita':
../src/fmc_imageon_utils.c:242:8: warning: unused variable 'ret' [-Wunused-variable]
'Finished building: ../src/fmc_imageon_utils.c'
' '
'Building target: camera_app.elf'
'Invoking: ARM gcc linker'
arm-xilinx-eabi-gcc -Wl,-T -Wl,../src/lscript.ld -L../../system_bsp/ps7_cortexa9_0/lib -o "camera_app.elf"  ./src/camera_app.o ./src/fmc_imageon_utils.o ./src/video_detector.o ./src/video_frame_buffer.o ./src/video_generator.o ./src/video_resolution.o ./src/xtpg_app.o   -Wl,--start-group,-lxil,-lgcc,-lc,--end-group
'Finished building target: camera_app.elf'
' '
'Invoking: ARM Print Size'
arm-xilinx-eabi-size camera_app.elf  |tee "camera_app.elf.size"
   text	   data	    bss	    dec	    hex	filename
  93054	   4064	  33088	 130206	  1fc9e	camera_app.elf
'Finished building: camera_app.elf.size'
' '
18:43:36 **** Incremental Build of configuration Debug for project camera_app ****
make all 
make: Nothing to be done for `all'.
18:46:55 **** Incremental Build of configuration Debug for project camera_app ****
make all 
make: Nothing to be done for `all'.
18:47:32 **** Auto Build of configuration Debug for project camera_app ****
make all 
'Building file: ../src/camera_app.c'
'Invoking: ARM gcc compiler'
arm-xilinx-eabi-gcc -Wall -O0 -g3 -c -fmessage-length=0 -I../../system_bsp/ps7_cortexa9_0/include -MMD -MP -MF"src/camera_app.d" -MT"src/camera_app.d" -o "src/camera_app.o" "../src/camera_app.c"
../src/camera_app.c: In function 'camera_config_init':
../src/camera_app.c:43:29: error: 'XPAR_CFA_0_BASEADDR' undeclared (first use in this function)
../src/camera_app.c:43:29: note: each undeclared identifier is reported only once for each function it appears in
../src/camera_app.c:44:30: error: 'XPAR_CRESAMPLE_0_BASEADDR' undeclared (first use in this function)
../src/camera_app.c:45:32: error: 'XPAR_RGB2YCRCB_0_BASEADDR' undeclared (first use in this function)
make: *** [src/camera_app.o] Error 1
18:47:45 **** Auto Build of configuration Debug for project camera_app ****
make all 
'Building file: ../src/camera_app.c'
'Invoking: ARM gcc compiler'
arm-xilinx-eabi-gcc -Wall -O0 -g3 -c -fmessage-length=0 -I../../system_bsp/ps7_cortexa9_0/include -MMD -MP -MF"src/camera_app.d" -MT"src/camera_app.d" -o "src/camera_app.o" "../src/camera_app.c"
'Finished building: ../src/camera_app.c'
' '
'Building target: camera_app.elf'
'Invoking: ARM gcc linker'
arm-xilinx-eabi-gcc -Wl,-T -Wl,../src/lscript.ld -L../../system_bsp/ps7_cortexa9_0/lib -o "camera_app.elf"  ./src/camera_app.o ./src/fmc_imageon_utils.o ./src/video_detector.o ./src/video_frame_buffer.o ./src/video_generator.o ./src/video_resolution.o ./src/xtpg_app.o   -Wl,--start-group,-lxil,-lgcc,-lc,--end-group
'Finished building target: camera_app.elf'
' '
'Invoking: ARM Print Size'
arm-xilinx-eabi-size camera_app.elf  |tee "camera_app.elf.size"
   text	   data	    bss	    dec	    hex	filename
  93070	   4064	  33248	 130382	  1fd4e	camera_app.elf
'Finished building: camera_app.elf.size'
' '
18:48:12 **** Auto Build of configuration Debug for project camera_app ****
make all 
'Building file: ../src/camera_app.c'
'Invoking: ARM gcc compiler'
arm-xilinx-eabi-gcc -Wall -O0 -g3 -c -fmessage-length=0 -I../../system_bsp/ps7_cortexa9_0/include -MMD -MP -MF"src/camera_app.d" -MT"src/camera_app.d" -o "src/camera_app.o" "../src/camera_app.c"
'Finished building: ../src/camera_app.c'
' '
'Building target: camera_app.elf'
'Invoking: ARM gcc linker'
arm-xilinx-eabi-gcc -Wl,-T -Wl,../src/lscript.ld -L../../system_bsp/ps7_cortexa9_0/lib -o "camera_app.elf"  ./src/camera_app.o ./src/fmc_imageon_utils.o ./src/video_detector.o ./src/video_frame_buffer.o ./src/video_generator.o ./src/video_resolution.o ./src/xtpg_app.o   -Wl,--start-group,-lxil,-lgcc,-lc,--end-group
'Finished building target: camera_app.elf'
' '
'Invoking: ARM Print Size'
arm-xilinx-eabi-size camera_app.elf  |tee "camera_app.elf.size"
   text	   data	    bss	    dec	    hex	filename
  93070	   4064	  33248	 130382	  1fd4e	camera_app.elf
'Finished building: camera_app.elf.size'
' '
18:48:15 **** Incremental Build of configuration Debug for project camera_app ****
make all 
make: Nothing to be done for `all'.
18:49:56 **** Incremental Build of configuration Debug for project camera_app ****
make all 
make: Nothing to be done for `all'.
18:51:08 **** Incremental Build of configuration Debug for project camera_app ****
make all 
make: Nothing to be done for `all'.
18:54:30 **** Auto Build of configuration Debug for project camera_app ****
make all 
'Building file: ../src/fmc_imageon_utils.c'
'Invoking: ARM gcc compiler'
arm-xilinx-eabi-gcc -Wall -O0 -g3 -c -fmessage-length=0 -I../../system_bsp/ps7_cortexa9_0/include -MMD -MP -MF"src/fmc_imageon_utils.d" -MT"src/fmc_imageon_utils.d" -o "src/fmc_imageon_utils.o" "../src/fmc_imageon_utils.c"
../src/fmc_imageon_utils.c: In function 'fmc_imageon_enable_vita':
../src/fmc_imageon_utils.c:242:8: warning: unused variable 'ret' [-Wunused-variable]
'Finished building: ../src/fmc_imageon_utils.c'
' '
'Building target: camera_app.elf'
'Invoking: ARM gcc linker'
arm-xilinx-eabi-gcc -Wl,-T -Wl,../src/lscript.ld -L../../system_bsp/ps7_cortexa9_0/lib -o "camera_app.elf"  ./src/camera_app.o ./src/fmc_imageon_utils.o ./src/video_detector.o ./src/video_frame_buffer.o ./src/video_generator.o ./src/video_resolution.o ./src/xtpg_app.o   -Wl,--start-group,-lxil,-lgcc,-lc,--end-group
'Finished building target: camera_app.elf'
' '
'Invoking: ARM Print Size'
arm-xilinx-eabi-size camera_app.elf  |tee "camera_app.elf.size"
   text	   data	    bss	    dec	    hex	filename
  93078	   4064	  33248	 130390	  1fd56	camera_app.elf
'Finished building: camera_app.elf.size'
' '
18:54:32 **** Incremental Build of configuration Debug for project camera_app ****
make all 
make: Nothing to be done for `all'.
18:55:21 **** Auto Build of configuration Debug for project camera_app ****
make all 
'Building file: ../src/fmc_imageon_utils.c'
'Invoking: ARM gcc compiler'
arm-xilinx-eabi-gcc -Wall -O0 -g3 -c -fmessage-length=0 -I../../system_bsp/ps7_cortexa9_0/include -MMD -MP -MF"src/fmc_imageon_utils.d" -MT"src/fmc_imageon_utils.d" -o "src/fmc_imageon_utils.o" "../src/fmc_imageon_utils.c"
'Finished building: ../src/fmc_imageon_utils.c'
' '
'Building target: camera_app.elf'
'Invoking: ARM gcc linker'
arm-xilinx-eabi-gcc -Wl,-T -Wl,../src/lscript.ld -L../../system_bsp/ps7_cortexa9_0/lib -o "camera_app.elf"  ./src/camera_app.o ./src/fmc_imageon_utils.o ./src/video_detector.o ./src/video_frame_buffer.o ./src/video_generator.o ./src/video_resolution.o ./src/xtpg_app.o   -Wl,--start-group,-lxil,-lgcc,-lc,--end-group
'Finished building target: camera_app.elf'
' '
'Invoking: ARM Print Size'
arm-xilinx-eabi-size camera_app.elf  |tee "camera_app.elf.size"
   text	   data	    bss	    dec	    hex	filename
  93778	   4064	  33248	 131090	  20012	camera_app.elf
'Finished building: camera_app.elf.size'
' '
18:55:31 **** Auto Build of configuration Debug for project camera_app ****
make all 
'Building file: ../src/fmc_imageon_utils.c'
'Invoking: ARM gcc compiler'
arm-xilinx-eabi-gcc -Wall -O0 -g3 -c -fmessage-length=0 -I../../system_bsp/ps7_cortexa9_0/include -MMD -MP -MF"src/fmc_imageon_utils.d" -MT"src/fmc_imageon_utils.d" -o "src/fmc_imageon_utils.o" "../src/fmc_imageon_utils.c"
../src/fmc_imageon_utils.c: In function 'fmc_imageon_enable_ipipe':
../src/fmc_imageon_utils.c:286:4: warning: implicit declaration of function 'RGB_Reset' [-Wimplicit-function-declaration]
../src/fmc_imageon_utils.c:287:4: warning: implicit declaration of function 'RGB_ClearReset' [-Wimplicit-function-declaration]
../src/fmc_imageon_utils.c:288:4: warning: implicit declaration of function 'RGB_Enable' [-Wimplicit-function-declaration]
../src/fmc_imageon_utils.c:291:4: warning: implicit declaration of function 'CFA_Reset' [-Wimplicit-function-declaration]
../src/fmc_imageon_utils.c:292:4: warning: implicit declaration of function 'CFA_ClearReset' [-Wimplicit-function-declaration]
../src/fmc_imageon_utils.c:293:4: warning: implicit declaration of function 'CFA_Enable' [-Wimplicit-function-declaration]
../src/fmc_imageon_utils.c:294:4: warning: implicit declaration of function 'CFA_RegUpdateDisable' [-Wimplicit-function-declaration]
../src/fmc_imageon_utils.c:295:4: warning: implicit declaration of function 'CFA_WriteReg' [-Wimplicit-function-declaration]
../src/fmc_imageon_utils.c:295:41: error: 'CFA_BAYER_PHASE' undeclared (first use in this function)
../src/fmc_imageon_utils.c:295:41: note: each undeclared identifier is reported only once for each function it appears in
../src/fmc_imageon_utils.c:296:4: warning: implicit declaration of function 'CFA_RegUpdateEnable' [-Wimplicit-function-declaration]
make: *** [src/fmc_imageon_utils.o] Error 1
18:55:36 **** Auto Build of configuration Debug for project camera_app ****
make all 
'Building file: ../src/fmc_imageon_utils.c'
'Invoking: ARM gcc compiler'
arm-xilinx-eabi-gcc -Wall -O0 -g3 -c -fmessage-length=0 -I../../system_bsp/ps7_cortexa9_0/include -MMD -MP -MF"src/fmc_imageon_utils.d" -MT"src/fmc_imageon_utils.d" -o "src/fmc_imageon_utils.o" "../src/fmc_imageon_utils.c"
'Finished building: ../src/fmc_imageon_utils.c'
' '
'Building target: camera_app.elf'
'Invoking: ARM gcc linker'
arm-xilinx-eabi-gcc -Wl,-T -Wl,../src/lscript.ld -L../../system_bsp/ps7_cortexa9_0/lib -o "camera_app.elf"  ./src/camera_app.o ./src/fmc_imageon_utils.o ./src/video_detector.o ./src/video_frame_buffer.o ./src/video_generator.o ./src/video_resolution.o ./src/xtpg_app.o   -Wl,--start-group,-lxil,-lgcc,-lc,--end-group
'Finished building target: camera_app.elf'
' '
'Invoking: ARM Print Size'
arm-xilinx-eabi-size camera_app.elf  |tee "camera_app.elf.size"
   text	   data	    bss	    dec	    hex	filename
  93778	   4064	  33248	 131090	  20012	camera_app.elf
'Finished building: camera_app.elf.size'
' '
18:55:42 **** Incremental Build of configuration Debug for project camera_app ****
make all 
make: Nothing to be done for `all'.
18:56:07 **** Incremental Build of configuration Debug for project camera_app ****
make all 
make: Nothing to be done for `all'.
18:57:50 **** Incremental Build of configuration Debug for project camera_app ****
make all 
make: Nothing to be done for `all'.
11:06:41 **** Auto Build of configuration Debug for project camera_app ****
make all 
'Building file: ../src/camera_app.c'
'Invoking: ARM gcc compiler'
arm-xilinx-eabi-gcc -Wall -O0 -g3 -c -fmessage-length=0 -I../../system_bsp/ps7_cortexa9_0/include -MMD -MP -MF"src/camera_app.d" -MT"src/camera_app.d" -o "src/camera_app.o" "../src/camera_app.c"
'Finished building: ../src/camera_app.c'
' '
'Building target: camera_app.elf'
'Invoking: ARM gcc linker'
arm-xilinx-eabi-gcc -Wl,-T -Wl,../src/lscript.ld -L../../system_bsp/ps7_cortexa9_0/lib -o "camera_app.elf"  ./src/camera_app.o ./src/fmc_imageon_utils.o ./src/video_detector.o ./src/video_frame_buffer.o ./src/video_generator.o ./src/video_resolution.o ./src/xtpg_app.o   -Wl,--start-group,-lxil,-lgcc,-lc,--end-group
'Finished building target: camera_app.elf'
' '
'Invoking: ARM Print Size'
arm-xilinx-eabi-size camera_app.elf  |tee "camera_app.elf.size"
   text	   data	    bss	    dec	    hex	filename
  93778	   4064	  33248	 131090	  20012	camera_app.elf
'Finished building: camera_app.elf.size'
' '
11:07:30 **** Incremental Build of configuration Debug for project camera_app ****
make all 
make: Nothing to be done for `all'.
11:08:16 **** Incremental Build of configuration Debug for project camera_app ****
make all 
make: Nothing to be done for `all'.
11:08:44 **** Incremental Build of configuration Debug for project camera_app ****
make all 
make: Nothing to be done for `all'.
11:09:46 **** Auto Build of configuration Debug for project camera_app ****
make all 
'Building file: ../src/camera_app.c'
'Invoking: ARM gcc compiler'
arm-xilinx-eabi-gcc -Wall -O0 -g3 -c -fmessage-length=0 -I../../system_bsp/ps7_cortexa9_0/include -MMD -MP -MF"src/camera_app.d" -MT"src/camera_app.d" -o "src/camera_app.o" "../src/camera_app.c"
'Finished building: ../src/camera_app.c'
' '
'Building target: camera_app.elf'
'Invoking: ARM gcc linker'
arm-xilinx-eabi-gcc -Wl,-T -Wl,../src/lscript.ld -L../../system_bsp/ps7_cortexa9_0/lib -o "camera_app.elf"  ./src/camera_app.o ./src/fmc_imageon_utils.o ./src/video_detector.o ./src/video_frame_buffer.o ./src/video_generator.o ./src/video_resolution.o ./src/xtpg_app.o   -Wl,--start-group,-lxil,-lgcc,-lc,--end-group
'Finished building target: camera_app.elf'
' '
'Invoking: ARM Print Size'
arm-xilinx-eabi-size camera_app.elf  |tee "camera_app.elf.size"
   text	   data	    bss	    dec	    hex	filename
  93774	   4064	  33248	 131086	  2000e	camera_app.elf
'Finished building: camera_app.elf.size'
' '
11:09:51 **** Incremental Build of configuration Debug for project camera_app ****
make all 
make: Nothing to be done for `all'.
11:10:45 **** Auto Build of configuration Debug for project camera_app ****
make all 
'Building file: ../src/camera_app.c'
'Invoking: ARM gcc compiler'
arm-xilinx-eabi-gcc -Wall -O0 -g3 -c -fmessage-length=0 -I../../system_bsp/ps7_cortexa9_0/include -MMD -MP -MF"src/camera_app.d" -MT"src/camera_app.d" -o "src/camera_app.o" "../src/camera_app.c"
'Finished building: ../src/camera_app.c'
' '
'Building target: camera_app.elf'
'Invoking: ARM gcc linker'
arm-xilinx-eabi-gcc -Wl,-T -Wl,../src/lscript.ld -L../../system_bsp/ps7_cortexa9_0/lib -o "camera_app.elf"  ./src/camera_app.o ./src/fmc_imageon_utils.o ./src/video_detector.o ./src/video_frame_buffer.o ./src/video_generator.o ./src/video_resolution.o ./src/xtpg_app.o   -Wl,--start-group,-lxil,-lgcc,-lc,--end-group
'Finished building target: camera_app.elf'
' '
'Invoking: ARM Print Size'
arm-xilinx-eabi-size camera_app.elf  |tee "camera_app.elf.size"
   text	   data	    bss	    dec	    hex	filename
  93762	   4064	  33248	 131074	  20002	camera_app.elf
'Finished building: camera_app.elf.size'
' '
11:10:46 **** Incremental Build of configuration Debug for project camera_app ****
make all 
make: Nothing to be done for `all'.
11:11:02 **** Incremental Build of configuration Debug for project camera_app ****
make all 
make: Nothing to be done for `all'.
11:11:26 **** Auto Build of configuration Debug for project camera_app ****
make all 
'Building file: ../src/camera_app.c'
'Invoking: ARM gcc compiler'
arm-xilinx-eabi-gcc -Wall -O0 -g3 -c -fmessage-length=0 -I../../system_bsp/ps7_cortexa9_0/include -MMD -MP -MF"src/camera_app.d" -MT"src/camera_app.d" -o "src/camera_app.o" "../src/camera_app.c"
'Finished building: ../src/camera_app.c'
' '
'Building target: camera_app.elf'
'Invoking: ARM gcc linker'
arm-xilinx-eabi-gcc -Wl,-T -Wl,../src/lscript.ld -L../../system_bsp/ps7_cortexa9_0/lib -o "camera_app.elf"  ./src/camera_app.o ./src/fmc_imageon_utils.o ./src/video_detector.o ./src/video_frame_buffer.o ./src/video_generator.o ./src/video_resolution.o ./src/xtpg_app.o   -Wl,--start-group,-lxil,-lgcc,-lc,--end-group
'Finished building target: camera_app.elf'
' '
'Invoking: ARM Print Size'
arm-xilinx-eabi-size camera_app.elf  |tee "camera_app.elf.size"
   text	   data	    bss	    dec	    hex	filename
  93774	   4064	  33248	 131086	  2000e	camera_app.elf
'Finished building: camera_app.elf.size'
' '
11:11:37 **** Incremental Build of configuration Debug for project camera_app ****
make all 
make: Nothing to be done for `all'.
11:25:02 **** Auto Build of configuration Debug for project camera_app ****
make all 
'Building file: ../src/camera_app.c'
'Invoking: ARM gcc compiler'
arm-xilinx-eabi-gcc -Wall -O0 -g3 -c -fmessage-length=0 -I../../system_bsp/ps7_cortexa9_0/include -MMD -MP -MF"src/camera_app.d" -MT"src/camera_app.d" -o "src/camera_app.o" "../src/camera_app.c"
../src/camera_app.c: In function 'camera_loop':
../src/camera_app.c:97:3: error: expected expression before '}' token
../src/camera_app.c:87:6: warning: unused variable 'h' [-Wunused-variable]
make: *** [src/camera_app.o] Error 1
11:25:11 **** Auto Build of configuration Debug for project camera_app ****
make all 
'Building file: ../src/camera_app.c'
'Invoking: ARM gcc compiler'
arm-xilinx-eabi-gcc -Wall -O0 -g3 -c -fmessage-length=0 -I../../system_bsp/ps7_cortexa9_0/include -MMD -MP -MF"src/camera_app.d" -MT"src/camera_app.d" -o "src/camera_app.o" "../src/camera_app.c"
../src/camera_app.c: In function 'camera_loop':
../src/camera_app.c:97:3: error: expected expression before '}' token
../src/camera_app.c:87:6: warning: variable 'h' set but not used [-Wunused-but-set-variable]
make: *** [src/camera_app.o] Error 1
11:27:29 **** Auto Build of configuration Debug for project camera_app ****
make all 
'Building file: ../src/camera_app.c'
'Invoking: ARM gcc compiler'
arm-xilinx-eabi-gcc -Wall -O0 -g3 -c -fmessage-length=0 -I../../system_bsp/ps7_cortexa9_0/include -MMD -MP -MF"src/camera_app.d" -MT"src/camera_app.d" -o "src/camera_app.o" "../src/camera_app.c"
../src/camera_app.c: In function 'camera_loop':
../src/camera_app.c:96:20: error: expected ')' before numeric constant
../src/camera_app.c:97:3: error: expected expression before '}' token
../src/camera_app.c: At top level:
../src/camera_app.c:114:1: error: unknown type name 'uint16_t'
../src/camera_app.c:114:37: error: expected ')' before 'Xuint16'
make: *** [src/camera_app.o] Error 1
11:27:54 **** Auto Build of configuration Debug for project camera_app ****
make all 
'Building file: ../src/camera_app.c'
'Invoking: ARM gcc compiler'
arm-xilinx-eabi-gcc -Wall -O0 -g3 -c -fmessage-length=0 -I../../system_bsp/ps7_cortexa9_0/include -MMD -MP -MF"src/camera_app.d" -MT"src/camera_app.d" -o "src/camera_app.o" "../src/camera_app.c"
../src/camera_app.c: In function 'camera_loop':
../src/camera_app.c:88:6: warning: unused variable 'average' [-Wunused-variable]
../src/camera_app.c:87:6: warning: unused variable 'h' [-Wunused-variable]
../src/camera_app.c: At top level:
../src/camera_app.c:113:1: error: unknown type name 'uint16_t'
../src/camera_app.c:113:37: error: expected ')' before 'Xuint16'
make: *** [src/camera_app.o] Error 1
11:28:39 **** Auto Build of configuration Debug for project camera_app ****
make all 
'Building file: ../src/camera_app.c'
'Invoking: ARM gcc compiler'
arm-xilinx-eabi-gcc -Wall -O0 -g3 -c -fmessage-length=0 -I../../system_bsp/ps7_cortexa9_0/include -MMD -MP -MF"src/camera_app.d" -MT"src/camera_app.d" -o "src/camera_app.o" "../src/camera_app.c"
../src/camera_app.c: In function 'camera_loop':
../src/camera_app.c:95:4: warning: implicit declaration of function 'average_vert' [-Wimplicit-function-declaration]
../src/camera_app.c:95:4: warning: implicit declaration of function 'average_hor' [-Wimplicit-function-declaration]
../src/camera_app.c:95:4: warning: implicit declaration of function 'average_x' [-Wimplicit-function-declaration]
../src/camera_app.c:88:6: warning: variable 'average' set but not used [-Wunused-but-set-variable]
../src/camera_app.c:87:6: warning: unused variable 'h' [-Wunused-variable]
../src/camera_app.c: At top level:
../src/camera_app.c:113:1: error: unknown type name 'uint16_t'
../src/camera_app.c:113:37: error: expected ')' before 'Xuint16'
make: *** [src/camera_app.o] Error 1
11:28:47 **** Auto Build of configuration Debug for project camera_app ****
make all 
'Building file: ../src/camera_app.c'
'Invoking: ARM gcc compiler'
arm-xilinx-eabi-gcc -Wall -O0 -g3 -c -fmessage-length=0 -I../../system_bsp/ps7_cortexa9_0/include -MMD -MP -MF"src/camera_app.d" -MT"src/camera_app.d" -o "src/camera_app.o" "../src/camera_app.c"
../src/camera_app.c: In function 'camera_loop':
../src/camera_app.c:95:4: warning: implicit declaration of function 'average_vert' [-Wimplicit-function-declaration]
../src/camera_app.c:95:4: warning: implicit declaration of function 'average_hor' [-Wimplicit-function-declaration]
../src/camera_app.c:95:4: warning: implicit declaration of function 'average_x' [-Wimplicit-function-declaration]
../src/camera_app.c:88:6: warning: variable 'average' set but not used [-Wunused-but-set-variable]
../src/camera_app.c:87:6: warning: unused variable 'h' [-Wunused-variable]
../src/camera_app.c: At top level:
../src/camera_app.c:113:1: error: unknown type name 'uint16_t'
../src/camera_app.c:113:37: error: expected ')' before 'Xuint16'
make: *** [src/camera_app.o] Error 1
11:28:50 **** Auto Build of configuration Debug for project camera_app ****
make all 
'Building file: ../src/camera_app.c'
'Invoking: ARM gcc compiler'
arm-xilinx-eabi-gcc -Wall -O0 -g3 -c -fmessage-length=0 -I../../system_bsp/ps7_cortexa9_0/include -MMD -MP -MF"src/camera_app.d" -MT"src/camera_app.d" -o "src/camera_app.o" "../src/camera_app.c"
../src/camera_app.c: In function 'camera_loop':
../src/camera_app.c:95:4: warning: implicit declaration of function 'average_vert' [-Wimplicit-function-declaration]
../src/camera_app.c:95:4: warning: implicit declaration of function 'average_hor' [-Wimplicit-function-declaration]
../src/camera_app.c:95:4: warning: implicit declaration of function 'average_x' [-Wimplicit-function-declaration]
../src/camera_app.c:88:6: warning: variable 'average' set but not used [-Wunused-but-set-variable]
../src/camera_app.c:87:6: warning: unused variable 'h' [-Wunused-variable]
../src/camera_app.c: At top level:
../src/camera_app.c:113:1: error: unknown type name 'uint16_t'
../src/camera_app.c:113:37: error: expected ')' before 'Xuint16'
make: *** [src/camera_app.o] Error 1
11:29:07 **** Auto Build of configuration Debug for project camera_app ****
make all 
'Building file: ../src/camera_app.c'
'Invoking: ARM gcc compiler'
arm-xilinx-eabi-gcc -Wall -O0 -g3 -c -fmessage-length=0 -I../../system_bsp/ps7_cortexa9_0/include -MMD -MP -MF"src/camera_app.d" -MT"src/camera_app.d" -o "src/camera_app.o" "../src/camera_app.c"
../src/camera_app.c: In function 'camera_loop':
../src/camera_app.c:95:4: warning: implicit declaration of function 'average_vert' [-Wimplicit-function-declaration]
../src/camera_app.c:95:4: warning: implicit declaration of function 'average_hor' [-Wimplicit-function-declaration]
../src/camera_app.c:95:4: warning: implicit declaration of function 'average_x' [-Wimplicit-function-declaration]
../src/camera_app.c:88:6: warning: variable 'average' set but not used [-Wunused-but-set-variable]
../src/camera_app.c:87:6: warning: unused variable 'h' [-Wunused-variable]
../src/camera_app.c: At top level:
../src/camera_app.c:113:1: error: unknown type name 'uint16_t'
../src/camera_app.c:113:33: error: expected ')' before 'Xuint16'
../src/camera_app.c:118:1: error: unknown type name 'uint16_t'
../src/camera_app.c:118:32: error: expected ')' before 'Xuint16'
../src/camera_app.c:123:1: error: unknown type name 'uint16_t'
../src/camera_app.c:123:30: error: expected ')' before 'Xuint16'
make: *** [src/camera_app.o] Error 1
11:29:40 **** Auto Build of configuration Debug for project camera_app ****
make all 
'Building file: ../src/camera_app.c'
'Invoking: ARM gcc compiler'
arm-xilinx-eabi-gcc -Wall -O0 -g3 -c -fmessage-length=0 -I../../system_bsp/ps7_cortexa9_0/include -MMD -MP -MF"src/camera_app.d" -MT"src/camera_app.d" -o "src/camera_app.o" "../src/camera_app.c"
../src/camera_app.c:21:1: error: unknown type name 'uint16_t'
../src/camera_app.c:21:33: error: expected ')' before 'Xuint16'
../src/camera_app.c:22:1: error: unknown type name 'uint16_t'
../src/camera_app.c:22:32: error: expected ')' before 'Xuint16'
../src/camera_app.c:23:1: error: unknown type name 'uint16_t'
../src/camera_app.c:23:30: error: expected ')' before 'Xuint16'
../src/camera_app.c: In function 'camera_loop':
../src/camera_app.c:97:4: warning: implicit declaration of function 'average_vert' [-Wimplicit-function-declaration]
../src/camera_app.c:97:4: warning: implicit declaration of function 'average_hor' [-Wimplicit-function-declaration]
../src/camera_app.c:97:4: warning: implicit declaration of function 'average_x' [-Wimplicit-function-declaration]
../src/camera_app.c:90:6: warning: variable 'average' set but not used [-Wunused-but-set-variable]
../src/camera_app.c:89:6: warning: unused variable 'h' [-Wunused-variable]
../src/camera_app.c: At top level:
../src/camera_app.c:115:1: error: unknown type name 'uint16_t'
../src/camera_app.c:115:33: error: expected ')' before 'Xuint16'
../src/camera_app.c:120:1: error: unknown type name 'uint16_t'
../src/camera_app.c:120:32: error: expected ')' before 'Xuint16'
../src/camera_app.c:125:1: error: unknown type name 'uint16_t'
../src/camera_app.c:125:30: error: expected ')' before 'Xuint16'
make: *** [src/camera_app.o] Error 1
11:30:03 **** Auto Build of configuration Debug for project camera_app ****
make all 
'Building file: ../src/camera_app.c'
'Invoking: ARM gcc compiler'
arm-xilinx-eabi-gcc -Wall -O0 -g3 -c -fmessage-length=0 -I../../system_bsp/ps7_cortexa9_0/include -MMD -MP -MF"src/camera_app.d" -MT"src/camera_app.d" -o "src/camera_app.o" "../src/camera_app.c"
../src/camera_app.c:20:19: fatal error: types.h: No such file or directory
compilation terminated.
make: *** [src/camera_app.o] Error 1
11:30:16 **** Auto Build of configuration Debug for project camera_app ****
make all 
'Building file: ../src/camera_app.c'
'Invoking: ARM gcc compiler'
arm-xilinx-eabi-gcc -Wall -O0 -g3 -c -fmessage-length=0 -I../../system_bsp/ps7_cortexa9_0/include -MMD -MP -MF"src/camera_app.d" -MT"src/camera_app.d" -o "src/camera_app.o" "../src/camera_app.c"
../src/camera_app.c:22:33: error: expected ')' before 'Xuint16'
../src/camera_app.c:23:32: error: expected ')' before 'Xuint16'
../src/camera_app.c:24:30: error: expected ')' before 'Xuint16'
../src/camera_app.c: In function 'camera_loop':
../src/camera_app.c:98:4: warning: implicit declaration of function 'average_vert' [-Wimplicit-function-declaration]
../src/camera_app.c:98:4: warning: implicit declaration of function 'average_hor' [-Wimplicit-function-declaration]
../src/camera_app.c:98:4: warning: implicit declaration of function 'average_x' [-Wimplicit-function-declaration]
../src/camera_app.c:91:6: warning: variable 'average' set but not used [-Wunused-but-set-variable]
../src/camera_app.c:90:6: warning: unused variable 'h' [-Wunused-variable]
../src/camera_app.c: At top level:
../src/camera_app.c:116:33: error: expected ')' before 'Xuint16'
../src/camera_app.c:121:32: error: expected ')' before 'Xuint16'
../src/camera_app.c:126:30: error: expected ')' before 'Xuint16'
make: *** [src/camera_app.o] Error 1
11:30:28 **** Auto Build of configuration Debug for project camera_app ****
make all 
'Building file: ../src/camera_app.c'
'Invoking: ARM gcc compiler'
arm-xilinx-eabi-gcc -Wall -O0 -g3 -c -fmessage-length=0 -I../../system_bsp/ps7_cortexa9_0/include -MMD -MP -MF"src/camera_app.d" -MT"src/camera_app.d" -o "src/camera_app.o" "../src/camera_app.c"
../src/camera_app.c: In function 'camera_loop':
../src/camera_app.c:98:4: warning: passing argument 2 of 'average_vert' discards 'volatile' qualifier from pointer target type [enabled by default]
../src/camera_app.c:22:17: note: expected 'Xuint16 *' but argument is of type 'volatile Xuint16 *'
../src/camera_app.c:98:4: warning: passing argument 2 of 'average_hor' discards 'volatile' qualifier from pointer target type [enabled by default]
../src/camera_app.c:23:17: note: expected 'Xuint16 *' but argument is of type 'volatile Xuint16 *'
../src/camera_app.c:98:4: warning: passing argument 2 of 'average_x' discards 'volatile' qualifier from pointer target type [enabled by default]
../src/camera_app.c:24:17: note: expected 'Xuint16 *' but argument is of type 'volatile Xuint16 *'
../src/camera_app.c:91:6: warning: variable 'average' set but not used [-Wunused-but-set-variable]
../src/camera_app.c:90:6: warning: unused variable 'h' [-Wunused-variable]
../src/camera_app.c: At top level:
../src/camera_app.c:116:33: error: expected ')' before 'Xuint16'
../src/camera_app.c:121:32: error: expected ')' before 'Xuint16'
../src/camera_app.c:126:30: error: expected ')' before 'Xuint16'
../src/camera_app.c:22:17: warning: 'average_vert' used but never defined [enabled by default]
../src/camera_app.c:23:17: warning: 'average_hor' used but never defined [enabled by default]
../src/camera_app.c:24:17: warning: 'average_x' used but never defined [enabled by default]
make: *** [src/camera_app.o] Error 1
11:30:52 **** Auto Build of configuration Debug for project camera_app ****
make all 
'Building file: ../src/camera_app.c'
'Invoking: ARM gcc compiler'
arm-xilinx-eabi-gcc -Wall -O0 -g3 -c -fmessage-length=0 -I../../system_bsp/ps7_cortexa9_0/include -MMD -MP -MF"src/camera_app.d" -MT"src/camera_app.d" -o "src/camera_app.o" "../src/camera_app.c"
../src/camera_app.c: In function 'camera_loop':
../src/camera_app.c:98:4: warning: passing argument 2 of 'average_vert' discards 'volatile' qualifier from pointer target type [enabled by default]
../src/camera_app.c:22:17: note: expected 'Xuint16 *' but argument is of type 'volatile Xuint16 *'
../src/camera_app.c:98:4: warning: passing argument 2 of 'average_hor' discards 'volatile' qualifier from pointer target type [enabled by default]
../src/camera_app.c:23:17: note: expected 'Xuint16 *' but argument is of type 'volatile Xuint16 *'
../src/camera_app.c:98:4: warning: passing argument 2 of 'average_x' discards 'volatile' qualifier from pointer target type [enabled by default]
../src/camera_app.c:24:17: note: expected 'Xuint16 *' but argument is of type 'volatile Xuint16 *'
../src/camera_app.c:91:6: warning: variable 'average' set but not used [-Wunused-but-set-variable]
../src/camera_app.c:90:6: warning: unused variable 'h' [-Wunused-variable]
../src/camera_app.c: In function 'average_vert':
../src/camera_app.c:117:6: warning: unused variable 'average' [-Wunused-variable]
../src/camera_app.c:119:1: warning: no return statement in function returning non-void [-Wreturn-type]
../src/camera_app.c: In function 'average_hor':
../src/camera_app.c:122:6: warning: unused variable 'average' [-Wunused-variable]
../src/camera_app.c:124:1: warning: no return statement in function returning non-void [-Wreturn-type]
../src/camera_app.c: In function 'average_x':
../src/camera_app.c:127:6: warning: unused variable 'average' [-Wunused-variable]
[...]
'Finished building target: camera_app.elf'
' '
'Invoking: ARM Print Size'
arm-xilinx-eabi-size camera_app.elf  |tee "camera_app.elf.size"
   text	   data	    bss	    dec	    hex	filename
  96734	   4064	3277296	3378094	 338bae	camera_app.elf
'Finished building: camera_app.elf.size'
' '
14:52:39 **** Incremental Build of configuration Debug for project camera_app ****
make all 
make: Nothing to be done for `all'.
14:53:20 **** Auto Build of configuration Debug for project camera_app ****
make all 
'Building file: ../src/camera_app.c'
'Invoking: ARM gcc compiler'
arm-xilinx-eabi-gcc -Wall -O0 -g3 -c -fmessage-length=0 -I../../system_bsp/ps7_cortexa9_0/include -MMD -MP -MF"src/camera_app.d" -MT"src/camera_app.d" -o "src/camera_app.o" "../src/camera_app.c"
'Finished building: ../src/camera_app.c'
' '
'Building target: camera_app.elf'
'Invoking: ARM gcc linker'
arm-xilinx-eabi-gcc -Wl,-T -Wl,../src/lscript.ld -L../../system_bsp/ps7_cortexa9_0/lib -o "camera_app.elf"  ./src/camera_app.o ./src/fmc_imageon_utils.o ./src/video_detector.o ./src/video_frame_buffer.o ./src/video_generator.o ./src/video_resolution.o ./src/xtpg_app.o   -Wl,--start-group,-lxil,-lgcc,-lc,--end-group
'Finished building target: camera_app.elf'
' '
'Invoking: ARM Print Size'
arm-xilinx-eabi-size camera_app.elf  |tee "camera_app.elf.size"
   text	   data	    bss	    dec	    hex	filename
  96734	   4064	3277296	3378094	 338bae	camera_app.elf
'Finished building: camera_app.elf.size'
' '
14:54:13 **** Auto Build of configuration Debug for project camera_app ****
make all 
'Building file: ../src/camera_app.c'
'Invoking: ARM gcc compiler'
arm-xilinx-eabi-gcc -Wall -O0 -g3 -c -fmessage-length=0 -I../../system_bsp/ps7_cortexa9_0/include -MMD -MP -MF"src/camera_app.d" -MT"src/camera_app.d" -o "src/camera_app.o" "../src/camera_app.c"
'Finished building: ../src/camera_app.c'
' '
'Building target: camera_app.elf'
'Invoking: ARM gcc linker'
arm-xilinx-eabi-gcc -Wl,-T -Wl,../src/lscript.ld -L../../system_bsp/ps7_cortexa9_0/lib -o "camera_app.elf"  ./src/camera_app.o ./src/fmc_imageon_utils.o ./src/video_detector.o ./src/video_frame_buffer.o ./src/video_generator.o ./src/video_resolution.o ./src/xtpg_app.o   -Wl,--start-group,-lxil,-lgcc,-lc,--end-group
'Finished building target: camera_app.elf'
' '
'Invoking: ARM Print Size'
arm-xilinx-eabi-size camera_app.elf  |tee "camera_app.elf.size"
   text	   data	    bss	    dec	    hex	filename
  96758	   4064	3277296	3378118	 338bc6	camera_app.elf
'Finished building: camera_app.elf.size'
' '
14:54:19 **** Auto Build of configuration Debug for project camera_app ****
make all 
'Building file: ../src/camera_app.c'
'Invoking: ARM gcc compiler'
arm-xilinx-eabi-gcc -Wall -O0 -g3 -c -fmessage-length=0 -I../../system_bsp/ps7_cortexa9_0/include -MMD -MP -MF"src/camera_app.d" -MT"src/camera_app.d" -o "src/camera_app.o" "../src/camera_app.c"
'Finished building: ../src/camera_app.c'
' '
'Building target: camera_app.elf'
'Invoking: ARM gcc linker'
arm-xilinx-eabi-gcc -Wl,-T -Wl,../src/lscript.ld -L../../system_bsp/ps7_cortexa9_0/lib -o "camera_app.elf"  ./src/camera_app.o ./src/fmc_imageon_utils.o ./src/video_detector.o ./src/video_frame_buffer.o ./src/video_generator.o ./src/video_resolution.o ./src/xtpg_app.o   -Wl,--start-group,-lxil,-lgcc,-lc,--end-group
'Finished building target: camera_app.elf'
' '
'Invoking: ARM Print Size'
arm-xilinx-eabi-size camera_app.elf  |tee "camera_app.elf.size"
   text	   data	    bss	    dec	    hex	filename
  96758	   4064	3277296	3378118	 338bc6	camera_app.elf
'Finished building: camera_app.elf.size'
' '
14:54:22 **** Incremental Build of configuration Debug for project camera_app ****
make all 
make: Nothing to be done for `all'.
14:55:37 **** Auto Build of configuration Debug for project camera_app ****
make all 
'Building file: ../src/camera_app.c'
'Invoking: ARM gcc compiler'
arm-xilinx-eabi-gcc -Wall -O0 -g3 -c -fmessage-length=0 -I../../system_bsp/ps7_cortexa9_0/include -MMD -MP -MF"src/camera_app.d" -MT"src/camera_app.d" -o "src/camera_app.o" "../src/camera_app.c"
'Finished building: ../src/camera_app.c'
' '
'Building target: camera_app.elf'
'Invoking: ARM gcc linker'
arm-xilinx-eabi-gcc -Wl,-T -Wl,../src/lscript.ld -L../../system_bsp/ps7_cortexa9_0/lib -o "camera_app.elf"  ./src/camera_app.o ./src/fmc_imageon_utils.o ./src/video_detector.o ./src/video_frame_buffer.o ./src/video_generator.o ./src/video_resolution.o ./src/xtpg_app.o   -Wl,--start-group,-lxil,-lgcc,-lc,--end-group
'Finished building target: camera_app.elf'
' '
'Invoking: ARM Print Size'
arm-xilinx-eabi-size camera_app.elf  |tee "camera_app.elf.size"
   text	   data	    bss	    dec	    hex	filename
 123320	   4192	3277328	3404840	 33f428	camera_app.elf
'Finished building: camera_app.elf.size'
' '
14:55:39 **** Incremental Build of configuration Debug for project camera_app ****
make all 
make: Nothing to be done for `all'.
14:56:09 **** Auto Build of configuration Debug for project camera_app ****
make all 
'Building file: ../src/camera_app.c'
'Invoking: ARM gcc compiler'
arm-xilinx-eabi-gcc -Wall -O0 -g3 -c -fmessage-length=0 -I../../system_bsp/ps7_cortexa9_0/include -MMD -MP -MF"src/camera_app.d" -MT"src/camera_app.d" -o "src/camera_app.o" "../src/camera_app.c"
'Finished building: ../src/camera_app.c'
' '
'Building target: camera_app.elf'
'Invoking: ARM gcc linker'
arm-xilinx-eabi-gcc -Wl,-T -Wl,../src/lscript.ld -L../../system_bsp/ps7_cortexa9_0/lib -o "camera_app.elf"  ./src/camera_app.o ./src/fmc_imageon_utils.o ./src/video_detector.o ./src/video_frame_buffer.o ./src/video_generator.o ./src/video_resolution.o ./src/xtpg_app.o   -Wl,--start-group,-lxil,-lgcc,-lc,--end-group
'Finished building target: camera_app.elf'
' '
'Invoking: ARM Print Size'
arm-xilinx-eabi-size camera_app.elf  |tee "camera_app.elf.size"
   text	   data	    bss	    dec	    hex	filename
 123320	   4192	3277328	3404840	 33f428	camera_app.elf
'Finished building: camera_app.elf.size'
' '
14:56:17 **** Incremental Build of configuration Debug for project camera_app ****
make all 
make: Nothing to be done for `all'.
14:59:41 **** Auto Build of configuration Debug for project camera_app ****
make all 
'Building file: ../src/camera_app.c'
'Invoking: ARM gcc compiler'
arm-xilinx-eabi-gcc -Wall -O0 -g3 -c -fmessage-length=0 -I../../system_bsp/ps7_cortexa9_0/include -MMD -MP -MF"src/camera_app.d" -MT"src/camera_app.d" -o "src/camera_app.o" "../src/camera_app.c"
'Finished building: ../src/camera_app.c'
' '
'Building target: camera_app.elf'
'Invoking: ARM gcc linker'
arm-xilinx-eabi-gcc -Wl,-T -Wl,../src/lscript.ld -L../../system_bsp/ps7_cortexa9_0/lib -o "camera_app.elf"  ./src/camera_app.o ./src/fmc_imageon_utils.o ./src/video_detector.o ./src/video_frame_buffer.o ./src/video_generator.o ./src/video_resolution.o ./src/xtpg_app.o   -Wl,--start-group,-lxil,-lgcc,-lc,--end-group
'Finished building target: camera_app.elf'
' '
'Invoking: ARM Print Size'
arm-xilinx-eabi-size camera_app.elf  |tee "camera_app.elf.size"
   text	   data	    bss	    dec	    hex	filename
 123320	   4192	3277328	3404840	 33f428	camera_app.elf
'Finished building: camera_app.elf.size'
' '
14:59:44 **** Incremental Build of configuration Debug for project camera_app ****
make all 
make: Nothing to be done for `all'.
15:00:45 **** Incremental Build of configuration Debug for project camera_app ****
make all 
make: Nothing to be done for `all'.
15:01:18 **** Incremental Build of configuration Debug for project camera_app ****
make all 
make: Nothing to be done for `all'.
15:01:36 **** Incremental Build of configuration Debug for project camera_app ****
make all 
make: Nothing to be done for `all'.
15:02:00 **** Incremental Build of configuration Debug for project camera_app ****
make all 
make: Nothing to be done for `all'.
15:03:19 **** Auto Build of configuration Debug for project camera_app ****
make all 
'Building file: ../src/camera_app.c'
'Invoking: ARM gcc compiler'
arm-xilinx-eabi-gcc -Wall -O0 -g3 -c -fmessage-length=0 -I../../system_bsp/ps7_cortexa9_0/include -MMD -MP -MF"src/camera_app.d" -MT"src/camera_app.d" -o "src/camera_app.o" "../src/camera_app.c"
'Finished building: ../src/camera_app.c'
' '
'Building target: camera_app.elf'
'Invoking: ARM gcc linker'
arm-xilinx-eabi-gcc -Wl,-T -Wl,../src/lscript.ld -L../../system_bsp/ps7_cortexa9_0/lib -o "camera_app.elf"  ./src/camera_app.o ./src/fmc_imageon_utils.o ./src/video_detector.o ./src/video_frame_buffer.o ./src/video_generator.o ./src/video_resolution.o ./src/xtpg_app.o   -Wl,--start-group,-lxil,-lgcc,-lc,--end-group
'Finished building target: camera_app.elf'
' '
'Invoking: ARM Print Size'
arm-xilinx-eabi-size camera_app.elf  |tee "camera_app.elf.size"
   text	   data	    bss	    dec	    hex	filename
 123320	   4192	3277328	3404840	 33f428	camera_app.elf
'Finished building: camera_app.elf.size'
' '
15:03:23 **** Incremental Build of configuration Debug for project camera_app ****
make all 
make: Nothing to be done for `all'.
15:03:52 **** Incremental Build of configuration Debug for project camera_app ****
make all 
make: Nothing to be done for `all'.
15:04:06 **** Incremental Build of configuration Debug for project camera_app ****
make all 
make: Nothing to be done for `all'.
15:04:21 **** Incremental Build of configuration Debug for project camera_app ****
make all 
make: Nothing to be done for `all'.
15:05:55 **** Auto Build of configuration Debug for project camera_app ****
make all 
'Building file: ../src/camera_app.c'
'Invoking: ARM gcc compiler'
arm-xilinx-eabi-gcc -Wall -O0 -g3 -c -fmessage-length=0 -I../../system_bsp/ps7_cortexa9_0/include -MMD -MP -MF"src/camera_app.d" -MT"src/camera_app.d" -o "src/camera_app.o" "../src/camera_app.c"
'Finished building: ../src/camera_app.c'
' '
'Building target: camera_app.elf'
'Invoking: ARM gcc linker'
arm-xilinx-eabi-gcc -Wl,-T -Wl,../src/lscript.ld -L../../system_bsp/ps7_cortexa9_0/lib -o "camera_app.elf"  ./src/camera_app.o ./src/fmc_imageon_utils.o ./src/video_detector.o ./src/video_frame_buffer.o ./src/video_generator.o ./src/video_resolution.o ./src/xtpg_app.o   -Wl,--start-group,-lxil,-lgcc,-lc,--end-group
'Finished building target: camera_app.elf'
' '
'Invoking: ARM Print Size'
arm-xilinx-eabi-size camera_app.elf  |tee "camera_app.elf.size"
   text	   data	    bss	    dec	    hex	filename
 123320	   4192	3277328	3404840	 33f428	camera_app.elf
'Finished building: camera_app.elf.size'
' '
15:05:56 **** Incremental Build of configuration Debug for project camera_app ****
make all 
make: Nothing to be done for `all'.
15:06:25 **** Incremental Build of configuration Debug for project camera_app ****
make all 
make: Nothing to be done for `all'.
15:08:45 **** Auto Build of configuration Debug for project camera_app ****
make all 
'Building file: ../src/camera_app.c'
'Invoking: ARM gcc compiler'
arm-xilinx-eabi-gcc -Wall -O0 -g3 -c -fmessage-length=0 -I../../system_bsp/ps7_cortexa9_0/include -MMD -MP -MF"src/camera_app.d" -MT"src/camera_app.d" -o "src/camera_app.o" "../src/camera_app.c"
'Finished building: ../src/camera_app.c'
' '
'Building target: camera_app.elf'
'Invoking: ARM gcc linker'
arm-xilinx-eabi-gcc -Wl,-T -Wl,../src/lscript.ld -L../../system_bsp/ps7_cortexa9_0/lib -o "camera_app.elf"  ./src/camera_app.o ./src/fmc_imageon_utils.o ./src/video_detector.o ./src/video_frame_buffer.o ./src/video_generator.o ./src/video_resolution.o ./src/xtpg_app.o   -Wl,--start-group,-lxil,-lgcc,-lc,--end-group
'Finished building target: camera_app.elf'
' '
'Invoking: ARM Print Size'
arm-xilinx-eabi-size camera_app.elf  |tee "camera_app.elf.size"
   text	   data	    bss	    dec	    hex	filename
 123320	   4192	3277328	3404840	 33f428	camera_app.elf
'Finished building: camera_app.elf.size'
' '
15:08:48 **** Incremental Build of configuration Debug for project camera_app ****
make all 
make: Nothing to be done for `all'.
15:09:12 **** Incremental Build of configuration Debug for project camera_app ****
make all 
make: Nothing to be done for `all'.
15:09:25 **** Incremental Build of configuration Debug for project camera_app ****
make all 
make: Nothing to be done for `all'.
15:10:04 **** Incremental Build of configuration Debug for project camera_app ****
make all 
make: Nothing to be done for `all'.
15:10:19 **** Incremental Build of configuration Debug for project camera_app ****
make all 
make: Nothing to be done for `all'.
15:10:41 **** Incremental Build of configuration Debug for project camera_app ****
make all 
make: Nothing to be done for `all'.
15:10:57 **** Incremental Build of configuration Debug for project camera_app ****
make all 
make: Nothing to be done for `all'.
15:11:13 **** Incremental Build of configuration Debug for project camera_app ****
make all 
make: Nothing to be done for `all'.
15:11:27 **** Incremental Build of configuration Debug for project camera_app ****
make all 
make: Nothing to be done for `all'.
15:11:39 **** Incremental Build of configuration Debug for project camera_app ****
make all 
make: Nothing to be done for `all'.
15:11:58 **** Incremental Build of configuration Debug for project camera_app ****
make all 
make: Nothing to be done for `all'.
15:12:26 **** Incremental Build of configuration Debug for project camera_app ****
make all 
make: Nothing to be done for `all'.
15:16:21 **** Auto Build of configuration Debug for project camera_app ****
make all 
'Building file: ../src/camera_app.c'
'Invoking: ARM gcc compiler'
arm-xilinx-eabi-gcc -Wall -O0 -g3 -c -fmessage-length=0 -I../../system_bsp/ps7_cortexa9_0/include -MMD -MP -MF"src/camera_app.d" -MT"src/camera_app.d" -o "src/camera_app.o" "../src/camera_app.c"
../src/camera_app.c: In function 'camera_loop':
../src/camera_app.c:176:4: warning: implicit declaration of function 'xil_DCacheFlush' [-Wimplicit-function-declaration]
'Finished building: ../src/camera_app.c'
' '
'Building target: camera_app.elf'
'Invoking: ARM gcc linker'
arm-xilinx-eabi-gcc -Wl,-T -Wl,../src/lscript.ld -L../../system_bsp/ps7_cortexa9_0/lib -o "camera_app.elf"  ./src/camera_app.o ./src/fmc_imageon_utils.o ./src/video_detector.o ./src/video_frame_buffer.o ./src/video_generator.o ./src/video_resolution.o ./src/xtpg_app.o   -Wl,--start-group,-lxil,-lgcc,-lc,--end-group
./src/camera_app.o: In function `camera_loop':
C:\temp\cpre488mp2\sw\camera_app\Debug/../src/camera_app.c:176: undefined reference to `xil_DCacheFlush'
collect2.exe: error: ld returned 1 exit status
make: *** [camera_app.elf] Error 1
15:16:26 **** Auto Build of configuration Debug for project camera_app ****
make all 
'Building file: ../src/camera_app.c'
'Invoking: ARM gcc compiler'
arm-xilinx-eabi-gcc -Wall -O0 -g3 -c -fmessage-length=0 -I../../system_bsp/ps7_cortexa9_0/include -MMD -MP -MF"src/camera_app.d" -MT"src/camera_app.d" -o "src/camera_app.o" "../src/camera_app.c"
../src/camera_app.c: In function 'camera_loop':
../src/camera_app.c:176:4: warning: implicit declaration of function 'Xil_DCacheFlush' [-Wimplicit-function-declaration]
'Finished building: ../src/camera_app.c'
' '
'Building target: camera_app.elf'
'Invoking: ARM gcc linker'
arm-xilinx-eabi-gcc -Wl,-T -Wl,../src/lscript.ld -L../../system_bsp/ps7_cortexa9_0/lib -o "camera_app.elf"  ./src/camera_app.o ./src/fmc_imageon_utils.o ./src/video_detector.o ./src/video_frame_buffer.o ./src/video_generator.o ./src/video_resolution.o ./src/xtpg_app.o   -Wl,--start-group,-lxil,-lgcc,-lc,--end-group
'Finished building target: camera_app.elf'
' '
'Invoking: ARM Print Size'
arm-xilinx-eabi-size camera_app.elf  |tee "camera_app.elf.size"
   text	   data	    bss	    dec	    hex	filename
 125120	   4192	3277328	3406640	 33fb30	camera_app.elf
'Finished building: camera_app.elf.size'
' '
15:16:32 **** Incremental Build of configuration Debug for project camera_app ****
make all 
make: Nothing to be done for `all'.
15:17:25 **** Auto Build of configuration Debug for project camera_app ****
make all 
make: Nothing to be done for `all'.
15:17:32 **** Auto Build of configuration Debug for project camera_app ****
make all 
make: Nothing to be done for `all'.
15:17:35 **** Incremental Build of configuration Debug for project camera_app ****
make all 
make: Nothing to be done for `all'.
15:17:52 **** Incremental Build of configuration Debug for project camera_app ****
make all 
make: Nothing to be done for `all'.
15:18:21 **** Incremental Build of configuration Debug for project camera_app ****
make all 
make: Nothing to be done for `all'.
15:18:38 **** Auto Build of configuration Debug for project camera_app ****
make all 
'Building file: ../src/camera_app.c'
'Invoking: ARM gcc compiler'
arm-xilinx-eabi-gcc -Wall -O0 -g3 -c -fmessage-length=0 -I../../system_bsp/ps7_cortexa9_0/include -MMD -MP -MF"src/camera_app.d" -MT"src/camera_app.d" -o "src/camera_app.o" "../src/camera_app.c"
'Finished building: ../src/camera_app.c'
' '
'Building target: camera_app.elf'
'Invoking: ARM gcc linker'
arm-xilinx-eabi-gcc -Wl,-T -Wl,../src/lscript.ld -L../../system_bsp/ps7_cortexa9_0/lib -o "camera_app.elf"  ./src/camera_app.o ./src/fmc_imageon_utils.o ./src/video_detector.o ./src/video_frame_buffer.o ./src/video_generator.o ./src/video_resolution.o ./src/xtpg_app.o   -Wl,--start-group,-lxil,-lgcc,-lc,--end-group
'Finished building target: camera_app.elf'
' '
'Invoking: ARM Print Size'
arm-xilinx-eabi-size camera_app.elf  |tee "camera_app.elf.size"
   text	   data	    bss	    dec	    hex	filename
 125120	   4192	3277328	3406640	 33fb30	camera_app.elf
'Finished building: camera_app.elf.size'
' '
15:19:07 **** Incremental Build of configuration Debug for project camera_app ****
make all 
make: Nothing to be done for `all'.
15:19:54 **** Auto Build of configuration Debug for project camera_app ****
make all 
'Building file: ../src/camera_app.c'
'Invoking: ARM gcc compiler'
arm-xilinx-eabi-gcc -Wall -O0 -g3 -c -fmessage-length=0 -I../../system_bsp/ps7_cortexa9_0/include -MMD -MP -MF"src/camera_app.d" -MT"src/camera_app.d" -o "src/camera_app.o" "../src/camera_app.c"
'Finished building: ../src/camera_app.c'
' '
'Building target: camera_app.elf'
'Invoking: ARM gcc linker'
arm-xilinx-eabi-gcc -Wl,-T -Wl,../src/lscript.ld -L../../system_bsp/ps7_cortexa9_0/lib -o "camera_app.elf"  ./src/camera_app.o ./src/fmc_imageon_utils.o ./src/video_detector.o ./src/video_frame_buffer.o ./src/video_generator.o ./src/video_resolution.o ./src/xtpg_app.o   -Wl,--start-group,-lxil,-lgcc,-lc,--end-group
'Finished building target: camera_app.elf'
' '
'Invoking: ARM Print Size'
arm-xilinx-eabi-size camera_app.elf  |tee "camera_app.elf.size"
   text	   data	    bss	    dec	    hex	filename
 123320	   4192	3277328	3404840	 33f428	camera_app.elf
'Finished building: camera_app.elf.size'
' '
15:19:57 **** Auto Build of configuration Debug for project camera_app ****
make all 
'Building file: ../src/camera_app.c'
'Invoking: ARM gcc compiler'
arm-xilinx-eabi-gcc -Wall -O0 -g3 -c -fmessage-length=0 -I../../system_bsp/ps7_cortexa9_0/include -MMD -MP -MF"src/camera_app.d" -MT"src/camera_app.d" -o "src/camera_app.o" "../src/camera_app.c"
'Finished building: ../src/camera_app.c'
' '
'Building target: camera_app.elf'
'Invoking: ARM gcc linker'
arm-xilinx-eabi-gcc -Wl,-T -Wl,../src/lscript.ld -L../../system_bsp/ps7_cortexa9_0/lib -o "camera_app.elf"  ./src/camera_app.o ./src/fmc_imageon_utils.o ./src/video_detector.o ./src/video_frame_buffer.o ./src/video_generator.o ./src/video_resolution.o ./src/xtpg_app.o   -Wl,--start-group,-lxil,-lgcc,-lc,--end-group
'Finished building target: camera_app.elf'
' '
'Invoking: ARM Print Size'
arm-xilinx-eabi-size camera_app.elf  |tee "camera_app.elf.size"
   text	   data	    bss	    dec	    hex	filename
 123320	   4192	3277328	3404840	 33f428	camera_app.elf
'Finished building: camera_app.elf.size'
' '
